Archive member included to satisfy reference by file (symbol)

/Users/cylic/Documents/edu/chalmers/study.period.2/223/labs/gcc-arm-none-eabi-6-2017-q1-update/bin/../lib/gcc/arm-none-eabi/6.3.1/../../../../arm-none-eabi/lib/thumb/v7e-m/fpv4-sp/hard/libc_nano.a(lib_a-atoi.o)
                              ./Debug/application.c.o (atoi)
/Users/cylic/Documents/edu/chalmers/study.period.2/223/labs/gcc-arm-none-eabi-6-2017-q1-update/bin/../lib/gcc/arm-none-eabi/6.3.1/../../../../arm-none-eabi/lib/thumb/v7e-m/fpv4-sp/hard/libc_nano.a(lib_a-sprintf.o)
                              ./Debug/application.c.o (sprintf)
/Users/cylic/Documents/edu/chalmers/study.period.2/223/labs/gcc-arm-none-eabi-6-2017-q1-update/bin/../lib/gcc/arm-none-eabi/6.3.1/../../../../arm-none-eabi/lib/thumb/v7e-m/fpv4-sp/hard/libc_nano.a(lib_a-strtol.o)
                              /Users/cylic/Documents/edu/chalmers/study.period.2/223/labs/gcc-arm-none-eabi-6-2017-q1-update/bin/../lib/gcc/arm-none-eabi/6.3.1/../../../../arm-none-eabi/lib/thumb/v7e-m/fpv4-sp/hard/libc_nano.a(lib_a-atoi.o) (_strtol_r)
/Users/cylic/Documents/edu/chalmers/study.period.2/223/labs/gcc-arm-none-eabi-6-2017-q1-update/bin/../lib/gcc/arm-none-eabi/6.3.1/../../../../arm-none-eabi/lib/thumb/v7e-m/fpv4-sp/hard/libc_nano.a(lib_a-impure.o)
                              /Users/cylic/Documents/edu/chalmers/study.period.2/223/labs/gcc-arm-none-eabi-6-2017-q1-update/bin/../lib/gcc/arm-none-eabi/6.3.1/../../../../arm-none-eabi/lib/thumb/v7e-m/fpv4-sp/hard/libc_nano.a(lib_a-sprintf.o) (_impure_ptr)
/Users/cylic/Documents/edu/chalmers/study.period.2/223/labs/gcc-arm-none-eabi-6-2017-q1-update/bin/../lib/gcc/arm-none-eabi/6.3.1/../../../../arm-none-eabi/lib/thumb/v7e-m/fpv4-sp/hard/libc_nano.a(lib_a-locale.o)
                              /Users/cylic/Documents/edu/chalmers/study.period.2/223/labs/gcc-arm-none-eabi-6-2017-q1-update/bin/../lib/gcc/arm-none-eabi/6.3.1/../../../../arm-none-eabi/lib/thumb/v7e-m/fpv4-sp/hard/libc_nano.a(lib_a-strtol.o) (__locale_ctype_ptr_l)
/Users/cylic/Documents/edu/chalmers/study.period.2/223/labs/gcc-arm-none-eabi-6-2017-q1-update/bin/../lib/gcc/arm-none-eabi/6.3.1/../../../../arm-none-eabi/lib/thumb/v7e-m/fpv4-sp/hard/libc_nano.a(lib_a-mbtowc_r.o)
                              /Users/cylic/Documents/edu/chalmers/study.period.2/223/labs/gcc-arm-none-eabi-6-2017-q1-update/bin/../lib/gcc/arm-none-eabi/6.3.1/../../../../arm-none-eabi/lib/thumb/v7e-m/fpv4-sp/hard/libc_nano.a(lib_a-locale.o) (__ascii_mbtowc)
/Users/cylic/Documents/edu/chalmers/study.period.2/223/labs/gcc-arm-none-eabi-6-2017-q1-update/bin/../lib/gcc/arm-none-eabi/6.3.1/../../../../arm-none-eabi/lib/thumb/v7e-m/fpv4-sp/hard/libc_nano.a(lib_a-nano-svfprintf.o)
                              /Users/cylic/Documents/edu/chalmers/study.period.2/223/labs/gcc-arm-none-eabi-6-2017-q1-update/bin/../lib/gcc/arm-none-eabi/6.3.1/../../../../arm-none-eabi/lib/thumb/v7e-m/fpv4-sp/hard/libc_nano.a(lib_a-sprintf.o) (_svfprintf_r)
/Users/cylic/Documents/edu/chalmers/study.period.2/223/labs/gcc-arm-none-eabi-6-2017-q1-update/bin/../lib/gcc/arm-none-eabi/6.3.1/../../../../arm-none-eabi/lib/thumb/v7e-m/fpv4-sp/hard/libc_nano.a(lib_a-nano-vfprintf_i.o)
                              /Users/cylic/Documents/edu/chalmers/study.period.2/223/labs/gcc-arm-none-eabi-6-2017-q1-update/bin/../lib/gcc/arm-none-eabi/6.3.1/../../../../arm-none-eabi/lib/thumb/v7e-m/fpv4-sp/hard/libc_nano.a(lib_a-nano-svfprintf.o) (_printf_i)
/Users/cylic/Documents/edu/chalmers/study.period.2/223/labs/gcc-arm-none-eabi-6-2017-q1-update/bin/../lib/gcc/arm-none-eabi/6.3.1/../../../../arm-none-eabi/lib/thumb/v7e-m/fpv4-sp/hard/libc_nano.a(lib_a-strcmp.o)
                              /Users/cylic/Documents/edu/chalmers/study.period.2/223/labs/gcc-arm-none-eabi-6-2017-q1-update/bin/../lib/gcc/arm-none-eabi/6.3.1/../../../../arm-none-eabi/lib/thumb/v7e-m/fpv4-sp/hard/libc_nano.a(lib_a-locale.o) (strcmp)
/Users/cylic/Documents/edu/chalmers/study.period.2/223/labs/gcc-arm-none-eabi-6-2017-q1-update/bin/../lib/gcc/arm-none-eabi/6.3.1/../../../../arm-none-eabi/lib/thumb/v7e-m/fpv4-sp/hard/libc_nano.a(lib_a-wctomb_r.o)
                              /Users/cylic/Documents/edu/chalmers/study.period.2/223/labs/gcc-arm-none-eabi-6-2017-q1-update/bin/../lib/gcc/arm-none-eabi/6.3.1/../../../../arm-none-eabi/lib/thumb/v7e-m/fpv4-sp/hard/libc_nano.a(lib_a-locale.o) (__ascii_wctomb)
/Users/cylic/Documents/edu/chalmers/study.period.2/223/labs/gcc-arm-none-eabi-6-2017-q1-update/bin/../lib/gcc/arm-none-eabi/6.3.1/../../../../arm-none-eabi/lib/thumb/v7e-m/fpv4-sp/hard/libc_nano.a(lib_a-ctype_.o)
                              /Users/cylic/Documents/edu/chalmers/study.period.2/223/labs/gcc-arm-none-eabi-6-2017-q1-update/bin/../lib/gcc/arm-none-eabi/6.3.1/../../../../arm-none-eabi/lib/thumb/v7e-m/fpv4-sp/hard/libc_nano.a(lib_a-locale.o) (_ctype_)
[...]
Memory Configuration

Name             Origin             Length             Attributes
RAM              0x0000000020000000 0x000000000001c000 xrw
*default*        0x0000000000000000 0xffffffffffffffff

Linker script and memory map

LOAD ./Debug/application.c.o
LOAD ./Debug/sciTinyTimber.c.o
LOAD ./Debug/startup.c.o
LOAD ./Debug/TinyTimber.c.o
LOAD ./Debug/dispatch.s.o
LOAD ./Debug/canTinyTimber.c.o
LOAD ./Debug/driver_src_stm32f4xx_dac.c.o
LOAD ./Debug/driver_src_stm32f4xx_gpio.c.o
LOAD ./Debug/driver_src_stm32f4xx_rcc.c.o
LOAD ./Debug/driver_src_stm32f4xx_tim.c.o
LOAD ./Debug/driver_src_stm32f4xx_usart.c.o
LOAD ./Debug/driver_src_stm32f4xx_can.c.o
LOAD /Users/cylic/Documents/edu/chalmers/study.period.2/223/labs/gcc-arm-none-eabi-6-2017-q1-update/bin/../lib/gcc/arm-none-eabi/6.3.1/../../../../arm-none-eabi/lib/thumb/v7e-m/fpv4-sp/hard/libstdc++_nano.a
LOAD /Users/cylic/Documents/edu/chalmers/study.period.2/223/labs/gcc-arm-none-eabi-6-2017-q1-update/bin/../lib/gcc/arm-none-eabi/6.3.1/../../../../arm-none-eabi/lib/thumb/v7e-m/fpv4-sp/hard/libm.a
START GROUP
LOAD /Users/cylic/Documents/edu/chalmers/study.period.2/223/labs/gcc-arm-none-eabi-6-2017-q1-update/bin/../lib/gcc/arm-none-eabi/6.3.1/thumb/v7e-m/fpv4-sp/hard/libgcc.a
LOAD /Users/cylic/Documents/edu/chalmers/study.period.2/223/labs/gcc-arm-none-eabi-6-2017-q1-update/bin/../lib/gcc/arm-none-eabi/6.3.1/../../../../arm-none-eabi/lib/thumb/v7e-m/fpv4-sp/hard/libc_nano.a
END GROUP
START GROUP
LOAD /Users/cylic/Documents/edu/chalmers/study.period.2/223/labs/gcc-arm-none-eabi-6-2017-q1-update/bin/../lib/gcc/arm-none-eabi/6.3.1/thumb/v7e-m/fpv4-sp/hard/libgcc.a
LOAD /Users/cylic/Documents/edu/chalmers/study.period.2/223/labs/gcc-arm-none-eabi-6-2017-q1-update/bin/../lib/gcc/arm-none-eabi/6.3.1/../../../../arm-none-eabi/lib/thumb/v7e-m/fpv4-sp/hard/libc_nano.a
END GROUP

.text           0x0000000020000000     0x79cc
                0x0000000020000000                . = ALIGN (0x4)
 *(.start_section)
 .start_section
                0x0000000020000000       0x1c ./Debug/startup.c.o
                0x0000000020000000                startup
 *(.text)
 .text          0x000000002000001c      0x58c ./Debug/application.c.o
                0x000000002000001c                disturb
                0x0000000020000070                generate1KPeriodicSound
                0x00000000200000c0                controlVolume
                0x000000002000011c                printPeriodsKey0
                0x0000000020000188                printPeriodsKeyK
                0x0000000020000208                receiver
                0x0000000020000258                reader
                0x00000000200002a0                reader2a
                0x0000000020000380                reader2b
                0x00000000200004b8                startApp
                0x0000000020000538                main
 .text          0x00000000200005a8      0x298 ./Debug/sciTinyTimber.c.o
                0x0000000020000630                sci_init
                0x00000000200006da                sci_write
                0x000000002000072e                sci_writechar
                0x0000000020000764                sci_interrupt
 .text          0x0000000020000840      0x2dc ./Debug/startup.c.o
 .text          0x0000000020000b1c      0xe78 ./Debug/TinyTimber.c.o
                0x0000000020000ba4                DUMP
                0x0000000020000bdc                DUMPH
                0x0000000020000c38                DUMPD
                0x0000000020000cdc                sei
                0x0000000020000cf8                cli
                0x0000000020000d14                _sbrk
                0x0000000020000d58                SETSTACK
                0x0000000020000dc0                SETPC
                0x0000000020000de4                TIMER_INIT
                0x0000000020000e7c                DUMPC
                0x0000000020000eb0                vect_USART1
                0x0000000020000f18                vect_CAN1
                0x0000000020000f80                enqueueByDeadline
                0x0000000020000fd8                enqueueByBaseline
                0x0000000020001030                dequeue
                0x0000000020001070                insert
                0x0000000020001094                push
                0x00000000200010b8                pop
                0x000000002000113a                vect_TIM5
                0x00000000200011d8                __svc_dispatch
                0x00000000200011e8                __pendSV_dispatch
                0x0000000020001358                async
                0x00000000200014a0                sync
                0x00000000200015ac                ABORT
                0x0000000020001660                T_RESET
                0x000000002000169c                T_SAMPLE
                0x00000000200016dc                CURRENT_OFFSET
                0x0000000020001888                install
                0x0000000020001930                tinytimber
 .text          0x0000000020001994       0xf4 ./Debug/dispatch.s.o
                0x0000000020001994                vect_SVCall
                0x0000000020001998                vect_PendSV
 .text          0x0000000020001a88      0x3c0 ./Debug/canTinyTimber.c.o
                0x0000000020001b10                can_init
                0x0000000020001b54                can_interrupt
                0x0000000020001cdc                can_receive
                0x0000000020001da6                can_send
 .text          0x0000000020001e48      0x450 ./Debug/driver_src_stm32f4xx_dac.c.o
                0x0000000020001e48                DAC_DeInit
                0x0000000020001e64                DAC_Init
                0x0000000020001ecc                DAC_StructInit
                0x0000000020001ef8                DAC_Cmd
                0x0000000020001f44                DAC_SoftwareTriggerCmd
                0x0000000020001f94                DAC_DualSoftwareTriggerCmd
                0x0000000020001fd0                DAC_WaveGenerationCmd
                0x000000002000201c                DAC_SetChannel1Data
                0x0000000020002054                DAC_SetChannel2Data
                0x000000002000208c                DAC_SetDualChannelData
                0x00000000200020e4                DAC_GetDataOutputValue
                0x0000000020002118                DAC_DMACmd
                0x0000000020002168                DAC_ITConfig
                0x00000000200021b4                DAC_GetFlagStatus
                0x00000000200021f0                DAC_ClearFlag
                0x0000000020002218                DAC_GetITStatus
                0x0000000020002270                DAC_ClearITPendingBit
 .text          0x0000000020002298      0x4d4 ./Debug/driver_src_stm32f4xx_gpio.c.o
                0x0000000020002298                GPIO_DeInit
                0x00000000200023fc                GPIO_Init
                0x0000000020002518                GPIO_StructInit
                0x000000002000254c                GPIO_PinLockConfig
                0x0000000020002590                GPIO_ReadInputDataBit
                0x00000000200025c4                GPIO_ReadInputData
                0x00000000200025de                GPIO_ReadOutputDataBit
                0x0000000020002612                GPIO_ReadOutputData
                0x000000002000262c                GPIO_SetBits
                0x000000002000264a                GPIO_ResetBits
                0x0000000020002668                GPIO_WriteBit
                0x0000000020002698                GPIO_Write
                0x00000000200026b6                GPIO_ToggleBits
                0x00000000200026da                GPIO_PinAFConfig
 .text          0x000000002000276c      0xca4 ./Debug/driver_src_stm32f4xx_rcc.c.o
                0x000000002000276c                RCC_DeInit
                0x00000000200027dc                RCC_HSEConfig
                0x0000000020002804                RCC_WaitForHSEStartUp
                0x0000000020002854                RCC_AdjustHSICalibrationValue
                0x0000000020002890                RCC_HSICmd
                0x00000000200028b0                RCC_LSEConfig
                0x00000000200028f4                RCC_LSICmd
                0x0000000020002914                RCC_PLLConfig
                0x0000000020002954                RCC_PLLCmd
                0x0000000020002974                RCC_PLLI2SConfig
                0x00000000200029a0                RCC_PLLI2SCmd
                0x00000000200029c0                RCC_PLLSAIConfig
                0x00000000200029f4                RCC_PLLSAICmd
                0x0000000020002a14                RCC_ClockSecuritySystemCmd
                0x0000000020002a34                RCC_MCO1Config
                0x0000000020002a74                RCC_MCO2Config
                0x0000000020002ab4                RCC_SYSCLKConfig
                0x0000000020002aec                RCC_GetSYSCLKSource
                0x0000000020002b0c                RCC_HCLKConfig
                0x0000000020002b44                RCC_PCLK1Config
                0x0000000020002b7c                RCC_PCLK2Config
                0x0000000020002bb8                RCC_GetClocksFreq
                0x0000000020002d08                RCC_RTCCLKConfig
                0x0000000020002d64                RCC_RTCCLKCmd
                0x0000000020002d84                RCC_BackupResetCmd
                0x0000000020002da4                RCC_I2SCLKConfig
                0x0000000020002dc4                RCC_SAIPLLI2SClkDivConfig
                0x0000000020002e04                RCC_SAIPLLSAIClkDivConfig
                0x0000000020002e44                RCC_SAIBlockACLKConfig
                0x0000000020002e80                RCC_SAIBlockBCLKConfig
                0x0000000020002ebc                RCC_LTDCCLKDivConfig
                0x0000000020002ef8                RCC_TIMCLKPresConfig
                0x0000000020002f18                RCC_AHB1PeriphClockCmd
                0x0000000020002f58                RCC_AHB2PeriphClockCmd
                0x0000000020002f98                RCC_AHB3PeriphClockCmd
                0x0000000020002fd8                RCC_APB1PeriphClockCmd
                0x0000000020003018                RCC_APB2PeriphClockCmd
                0x0000000020003058                RCC_AHB1PeriphResetCmd
                0x0000000020003098                RCC_AHB2PeriphResetCmd
                0x00000000200030d8                RCC_AHB3PeriphResetCmd
                0x0000000020003118                RCC_APB1PeriphResetCmd
                0x0000000020003158                RCC_APB2PeriphResetCmd
                0x0000000020003198                RCC_AHB1PeriphClockLPModeCmd
                0x00000000200031d8                RCC_AHB2PeriphClockLPModeCmd
                0x0000000020003218                RCC_AHB3PeriphClockLPModeCmd
                0x0000000020003258                RCC_APB1PeriphClockLPModeCmd
                0x0000000020003298                RCC_APB2PeriphClockLPModeCmd
                0x00000000200032d8                RCC_ITConfig
                0x0000000020003324                RCC_GetFlagStatus
                0x0000000020003398                RCC_ClearFlag
                0x00000000200033b8                RCC_GetITStatus
                0x00000000200033f0                RCC_ClearITPendingBit
 .text          0x0000000020003410     0x1c18 ./Debug/driver_src_stm32f4xx_tim.c.o
                0x0000000020003410                TIM_DeInit
                0x00000000200035d0                TIM_TimeBaseInit
                0x00000000200036a8                TIM_TimeBaseStructInit
                0x00000000200036dc                TIM_PrescalerConfig
                0x0000000020003704                TIM_CounterModeConfig
                0x000000002000373c                TIM_SetCounter
                0x0000000020003758                TIM_SetAutoreload
                0x0000000020003774                TIM_GetCounter
                0x000000002000378c                TIM_GetPrescaler
                0x00000000200037a6                TIM_UpdateDisableConfig
                0x00000000200037e6                TIM_UpdateRequestConfig
                0x0000000020003826                TIM_ARRPreloadConfig
                0x0000000020003866                TIM_SelectOnePulseMode
                0x000000002000389e                TIM_SetClockDivision
                0x00000000200038d6                TIM_Cmd
                0x0000000020003916                TIM_OC1Init
                0x0000000020003a0c                TIM_OC2Init
                0x0000000020003b1c                TIM_OC3Init
                0x0000000020003c28                TIM_OC4Init
                0x0000000020003cf8                TIM_OCStructInit
                0x0000000020003d3c                TIM_SelectOCxM
                0x0000000020003dee                TIM_SetCompare1
                0x0000000020003e0a                TIM_SetCompare2
                0x0000000020003e26                TIM_SetCompare3
                0x0000000020003e42                TIM_SetCompare4
                0x0000000020003e5e                TIM_ForcedOC1Config
                0x0000000020003e96                TIM_ForcedOC2Config
                0x0000000020003ed2                TIM_ForcedOC3Config
                0x0000000020003f0a                TIM_ForcedOC4Config
                0x0000000020003f46                TIM_OC1PreloadConfig
                0x0000000020003f7e                TIM_OC2PreloadConfig
                0x0000000020003fba                TIM_OC3PreloadConfig
                0x0000000020003ff2                TIM_OC4PreloadConfig
                0x000000002000402e                TIM_OC1FastConfig
                0x0000000020004066                TIM_OC2FastConfig
                0x00000000200040a2                TIM_OC3FastConfig
                0x00000000200040da                TIM_OC4FastConfig
                0x0000000020004116                TIM_ClearOC1Ref
                0x000000002000414e                TIM_ClearOC2Ref
                0x000000002000418a                TIM_ClearOC3Ref
                0x00000000200041c2                TIM_ClearOC4Ref
                0x00000000200041fe                TIM_OC1PolarityConfig
                0x0000000020004236                TIM_OC1NPolarityConfig
                0x000000002000426e                TIM_OC2PolarityConfig
                0x00000000200042aa                TIM_OC2NPolarityConfig
                0x00000000200042e6                TIM_OC3PolarityConfig
                0x0000000020004322                TIM_OC3NPolarityConfig
                0x000000002000435e                TIM_OC4PolarityConfig
                0x000000002000439a                TIM_CCxCmd
                0x00000000200043f0                TIM_CCxNCmd
                0x0000000020004446                TIM_ICInit
                0x00000000200044ee                TIM_ICStructInit
                0x0000000020004520                TIM_PWMIConfig
                0x00000000200045d8                TIM_GetCapture1
                0x00000000200045f0                TIM_GetCapture2
                0x0000000020004608                TIM_GetCapture3
                0x0000000020004620                TIM_GetCapture4
                0x0000000020004638                TIM_SetIC1Prescaler
                0x0000000020004670                TIM_SetIC2Prescaler
                0x00000000200046ac                TIM_SetIC3Prescaler
                0x00000000200046e4                TIM_SetIC4Prescaler
                0x0000000020004720                TIM_BDTRConfig
                0x0000000020004770                TIM_BDTRStructInit
                0x00000000200047ae                TIM_CtrlPWMOutputs
                0x00000000200047fa                TIM_SelectCOM
                0x000000002000483a                TIM_CCPreloadControl
                0x000000002000487a                TIM_ITConfig
                0x00000000200048c2                TIM_GenerateEvent
                0x00000000200048e0                TIM_GetFlagStatus
                0x0000000020004918                TIM_ClearFlag
                0x000000002000493a                TIM_GetITStatus
                0x000000002000498e                TIM_ClearITPendingBit
                0x00000000200049b0                TIM_DMAConfig
                0x00000000200049da                TIM_DMACmd
                0x0000000020004a22                TIM_SelectCCDMA
                0x0000000020004a62                TIM_InternalClockConfig
                0x0000000020004a86                TIM_ITRxExternalClockConfig
                0x0000000020004ab4                TIM_TIxExternalClockConfig
                0x0000000020004b10                TIM_ETRClockMode1Config
                0x0000000020004b6e                TIM_ETRClockMode2Config
                0x0000000020004bac                TIM_SelectInputTrigger
                0x0000000020004be4                TIM_SelectOutputTrigger
                0x0000000020004c1c                TIM_SelectSlaveMode
                0x0000000020004c54                TIM_SelectMasterSlaveMode
                0x0000000020004c8c                TIM_ETRConfig
                0x0000000020004ce0                TIM_EncoderInterfaceConfig
                0x0000000020004d78                TIM_SelectHallSensor
                0x0000000020004db8                TIM_RemapConfig
 .text          0x0000000020005028      0x970 ./Debug/driver_src_stm32f4xx_usart.c.o
                0x0000000020005028                USART_DeInit
                0x0000000020005140                USART_Init
                0x00000000200052b4                USART_StructInit
                0x00000000200052ee                USART_ClockInit
                0x0000000020005344                USART_ClockStructInit
                0x0000000020005370                USART_Cmd
                0x00000000200053b0                USART_SetPrescaler
                0x00000000200053ea                USART_OverSampling8Cmd
                0x000000002000542e                USART_OneBitMethodCmd
                0x000000002000546e                USART_SendData
                0x0000000020005492                USART_ReceiveData
                0x00000000200054b2                USART_SetAddress
                0x00000000200054ec                USART_ReceiverWakeUpCmd
                0x000000002000552c                USART_WakeUpConfig
                0x0000000020005564                USART_LINBreakDetectLengthConfig
                0x000000002000559c                USART_LINCmd
                0x00000000200055dc                USART_SendBreak
                0x0000000020005600                USART_HalfDuplexCmd
                0x0000000020005640                USART_SetGuardTime
                0x000000002000567c                USART_SmartCardCmd
                0x00000000200056bc                USART_SmartCardNACKCmd
                0x00000000200056fc                USART_IrDAConfig
                0x0000000020005734                USART_IrDACmd
                0x0000000020005774                USART_DMACmd
                0x00000000200057bc                USART_ITConfig
                0x000000002000584c                USART_GetFlagStatus
                0x0000000020005884                USART_ClearFlag
                0x00000000200058a6                USART_GetITStatus
                0x000000002000595c                USART_ClearITPendingBit
 .text          0x0000000020005998      0xfc0 ./Debug/driver_src_stm32f4xx_can.c.o
                0x0000000020005998                CAN_DeInit
                0x00000000200059e0                CAN_Init
                0x0000000020005b82                CAN_FilterInit
                0x0000000020005cf8                CAN_StructInit
                0x0000000020005d4e                CAN_SlaveStartBank
                0x0000000020005db0                CAN_DBGFreeze
                0x0000000020005de8                CAN_TTComModeCmd
                0x0000000020005e80                CAN_Transmit
                0x000000002000601c                CAN_TransmitStatus
                0x00000000200060f0                CAN_CancelTransmit
                0x0000000020006142                CAN_Receive
                0x00000000200062be                CAN_FIFORelease
                0x00000000200062f6                CAN_MessagePending
                0x0000000020006340                CAN_OperatingModeRequest
                0x000000002000643c                CAN_Sleep
                0x0000000020006476                CAN_WakeUp
                0x00000000200064cc                CAN_GetLastErrorCode
                0x00000000200064f2                CAN_GetReceiveErrorCounter
                0x0000000020006514                CAN_GetLSBTransmitErrorCounter
                0x0000000020006536                CAN_ITConfig
                0x0000000020006572                CAN_GetFlagStatus
                0x0000000020006640                CAN_ClearFlag
                0x00000000200066b4                CAN_GetITStatus
                0x0000000020006848                CAN_ClearITPendingBit
 .text          0x0000000020006958        0x0 /Users/cylic/Documents/edu/chalmers/study.period.2/223/labs/gcc-arm-none-eabi-6-2017-q1-update/bin/../lib/gcc/arm-none-eabi/6.3.1/../../../../arm-none-eabi/lib/thumb/v7e-m/fpv4-sp/hard/libc_nano.a(lib_a-atoi.o)
 .text          0x0000000020006958        0x0 /Users/cylic/Documents/edu/chalmers/study.period.2/223/labs/gcc-arm-none-eabi-6-2017-q1-update/bin/../lib/gcc/arm-none-eabi/6.3.1/../../../../arm-none-eabi/lib/thumb/v7e-m/fpv4-sp/hard/libc_nano.a(lib_a-sprintf.o)
 .text          0x0000000020006958        0x0 /Users/cylic/Documents/edu/chalmers/study.period.2/223/labs/gcc-arm-none-eabi-6-2017-q1-update/bin/../lib/gcc/arm-none-eabi/6.3.1/../../../../arm-none-eabi/lib/thumb/v7e-m/fpv4-sp/hard/libc_nano.a(lib_a-strtol.o)
 .text          0x0000000020006958        0x0 /Users/cylic/Documents/edu/chalmers/study.period.2/223/labs/gcc-arm-none-eabi-6-2017-q1-update/bin/../lib/gcc/arm-none-eabi/6.3.1/../../../../arm-none-eabi/lib/thumb/v7e-m/fpv4-sp/hard/libc_nano.a(lib_a-impure.o)
 .text          0x0000000020006958        0x0 /Users/cylic/Documents/edu/chalmers/study.period.2/223/labs/gcc-arm-none-eabi-6-2017-q1-update/bin/../lib/gcc/arm-none-eabi/6.3.1/../../../../arm-none-eabi/lib/thumb/v7e-m/fpv4-sp/hard/libc_nano.a(lib_a-locale.o)
 .text          0x0000000020006958        0x0 /Users/cylic/Documents/edu/chalmers/study.period.2/223/labs/gcc-arm-none-eabi-6-2017-q1-update/bin/../lib/gcc/arm-none-eabi/6.3.1/../../../../arm-none-eabi/lib/thumb/v7e-m/fpv4-sp/hard/libc_nano.a(lib_a-mbtowc_r.o)
 .text          0x0000000020006958        0x0 /Users/cylic/Documents/edu/chalmers/study.period.2/223/labs/gcc-arm-none-eabi-6-2017-q1-update/bin/../lib/gcc/arm-none-eabi/6.3.1/../../../../arm-none-eabi/lib/thumb/v7e-m/fpv4-sp/hard/libc_nano.a(lib_a-nano-svfprintf.o)
 .text          0x0000000020006958        0x0 /Users/cylic/Documents/edu/chalmers/study.period.2/223/labs/gcc-arm-none-eabi-6-2017-q1-update/bin/../lib/gcc/arm-none-eabi/6.3.1/../../../../arm-none-eabi/lib/thumb/v7e-m/fpv4-sp/hard/libc_nano.a(lib_a-nano-vfprintf_i.o)
 .text          0x0000000020006958       0x14 /Users/cylic/Documents/edu/chalmers/study.period.2/223/labs/gcc-arm-none-eabi-6-2017-q1-update/bin/../lib/gcc/arm-none-eabi/6.3.1/../../../../arm-none-eabi/lib/thumb/v7e-m/fpv4-sp/hard/libc_nano.a(lib_a-strcmp.o)
                0x0000000020006958                strcmp
 .text          0x000000002000696c        0x0 /Users/cylic/Documents/edu/chalmers/study.period.2/223/labs/gcc-arm-none-eabi-6-2017-q1-update/bin/../lib/gcc/arm-none-eabi/6.3.1/../../../../arm-none-eabi/lib/thumb/v7e-m/fpv4-sp/hard/libc_nano.a(lib_a-wctomb_r.o)
 .text          0x000000002000696c        0x0 /Users/cylic/Documents/edu/chalmers/study.period.2/223/labs/gcc-arm-none-eabi-6-2017-q1-update/bin/../lib/gcc/arm-none-eabi/6.3.1/../../../../arm-none-eabi/lib/thumb/v7e-m/fpv4-sp/hard/libc_nano.a(lib_a-ctype_.o)
 *fill*         0x000000002000696c        0x4 
 .text          0x0000000020006970       0xa0 /Users/cylic/Documents/edu/chalmers/study.period.2/223/labs/gcc-arm-none-eabi-6-2017-q1-update/bin/../lib/gcc/arm-none-eabi/6.3.1/../../../../arm-none-eabi/lib/thumb/v7e-m/fpv4-sp/hard/libc_nano.a(lib_a-memchr.o)
                0x0000000020006970                memchr
 .text          0x0000000020006a10        0x0 /Users/cylic/Documents/edu/chalmers/study.period.2/223/labs/gcc-arm-none-eabi-6-2017-q1-update/bin/../lib/gcc/arm-none-eabi/6.3.1/../../../../arm-none-eabi/lib/thumb/v7e-m/fpv4-sp/hard/libc_nano.a(lib_a-memcpy-stub.o)
 .text          0x0000000020006a10        0x0 /Users/cylic/Documents/edu/chalmers/study.period.2/223/labs/gcc-arm-none-eabi-6-2017-q1-update/bin/../lib/gcc/arm-none-eabi/6.3.1/../../../../arm-none-eabi/lib/thumb/v7e-m/fpv4-sp/hard/libc_nano.a(lib_a-memmove.o)
 .text          0x0000000020006a10        0x0 /Users/cylic/Documents/edu/chalmers/study.period.2/223/labs/gcc-arm-none-eabi-6-2017-q1-update/bin/../lib/gcc/arm-none-eabi/6.3.1/../../../../arm-none-eabi/lib/thumb/v7e-m/fpv4-sp/hard/libc_nano.a(lib_a-nano-freer.o)
 .text          0x0000000020006a10        0x0 /Users/cylic/Documents/edu/chalmers/study.period.2/223/labs/gcc-arm-none-eabi-6-2017-q1-update/bin/../lib/gcc/arm-none-eabi/6.3.1/../../../../arm-none-eabi/lib/thumb/v7e-m/fpv4-sp/hard/libc_nano.a(lib_a-nano-mallocr.o)
 .text          0x0000000020006a10        0x0 /Users/cylic/Documents/edu/chalmers/study.period.2/223/labs/gcc-arm-none-eabi-6-2017-q1-update/bin/../lib/gcc/arm-none-eabi/6.3.1/../../../../arm-none-eabi/lib/thumb/v7e-m/fpv4-sp/hard/libc_nano.a(lib_a-nano-reallocr.o)
 .text          0x0000000020006a10        0x0 /Users/cylic/Documents/edu/chalmers/study.period.2/223/labs/gcc-arm-none-eabi-6-2017-q1-update/bin/../lib/gcc/arm-none-eabi/6.3.1/../../../../arm-none-eabi/lib/thumb/v7e-m/fpv4-sp/hard/libc_nano.a(lib_a-sbrkr.o)
 .text          0x0000000020006a10        0x0 /Users/cylic/Documents/edu/chalmers/study.period.2/223/labs/gcc-arm-none-eabi-6-2017-q1-update/bin/../lib/gcc/arm-none-eabi/6.3.1/../../../../arm-none-eabi/lib/thumb/v7e-m/fpv4-sp/hard/libc_nano.a(lib_a-mlock.o)
 .text          0x0000000020006a10        0x0 /Users/cylic/Documents/edu/chalmers/study.period.2/223/labs/gcc-arm-none-eabi-6-2017-q1-update/bin/../lib/gcc/arm-none-eabi/6.3.1/../../../../arm-none-eabi/lib/thumb/v7e-m/fpv4-sp/hard/libc_nano.a(lib_a-nano-msizer.o)
 .text          0x0000000020006a10        0x0 /Users/cylic/Documents/edu/chalmers/study.period.2/223/labs/gcc-arm-none-eabi-6-2017-q1-update/bin/../lib/gcc/arm-none-eabi/6.3.1/../../../../arm-none-eabi/lib/thumb/v7e-m/fpv4-sp/hard/libc_nano.a(lib_a-reent.o)
 *(.text.*)
 .text.atoi     0x0000000020006a10        0x8 /Users/cylic/Documents/edu/chalmers/study.period.2/223/labs/gcc-arm-none-eabi-6-2017-q1-update/bin/../lib/gcc/arm-none-eabi/6.3.1/../../../../arm-none-eabi/lib/thumb/v7e-m/fpv4-sp/hard/libc_nano.a(lib_a-atoi.o)
                0x0000000020006a10                atoi
 .text._atoi_r  0x0000000020006a18        0x8 /Users/cylic/Documents/edu/chalmers/study.period.2/223/labs/gcc-arm-none-eabi-6-2017-q1-update/bin/../lib/gcc/arm-none-eabi/6.3.1/../../../../arm-none-eabi/lib/thumb/v7e-m/fpv4-sp/hard/libc_nano.a(lib_a-atoi.o)
                0x0000000020006a18                _atoi_r
 .text._sprintf_r
                0x0000000020006a20       0x40 /Users/cylic/Documents/edu/chalmers/study.period.2/223/labs/gcc-arm-none-eabi-6-2017-q1-update/bin/../lib/gcc/arm-none-eabi/6.3.1/../../../../arm-none-eabi/lib/thumb/v7e-m/fpv4-sp/hard/libc_nano.a(lib_a-sprintf.o)
                0x0000000020006a20                _siprintf_r
                0x0000000020006a20                _sprintf_r
 .text.sprintf  0x0000000020006a60       0x48 /Users/cylic/Documents/edu/chalmers/study.period.2/223/labs/gcc-arm-none-eabi-6-2017-q1-update/bin/../lib/gcc/arm-none-eabi/6.3.1/../../../../arm-none-eabi/lib/thumb/v7e-m/fpv4-sp/hard/libc_nano.a(lib_a-sprintf.o)
                0x0000000020006a60                sprintf
                0x0000000020006a60                siprintf
 .text._strtol_l.isra.0
                0x0000000020006aa8      0x100 /Users/cylic/Documents/edu/chalmers/study.period.2/223/labs/gcc-arm-none-eabi-6-2017-q1-update/bin/../lib/gcc/arm-none-eabi/6.3.1/../../../../arm-none-eabi/lib/thumb/v7e-m/fpv4-sp/hard/libc_nano.a(lib_a-strtol.o)
 .text._strtol_r
                0x0000000020006ba8       0x24 /Users/cylic/Documents/edu/chalmers/study.period.2/223/labs/gcc-arm-none-eabi-6-2017-q1-update/bin/../lib/gcc/arm-none-eabi/6.3.1/../../../../arm-none-eabi/lib/thumb/v7e-m/fpv4-sp/hard/libc_nano.a(lib_a-strtol.o)
                0x0000000020006ba8                _strtol_r
 .text.strtol_l
                0x0000000020006bcc       0x1c /Users/cylic/Documents/edu/chalmers/study.period.2/223/labs/gcc-arm-none-eabi-6-2017-q1-update/bin/../lib/gcc/arm-none-eabi/6.3.1/../../../../arm-none-eabi/lib/thumb/v7e-m/fpv4-sp/hard/libc_nano.a(lib_a-strtol.o)
                0x0000000020006bcc                strtol_l
 .text.strtol   0x0000000020006be8       0x2c /Users/cylic/Documents/edu/chalmers/study.period.2/223/labs/gcc-arm-none-eabi-6-2017-q1-update/bin/../lib/gcc/arm-none-eabi/6.3.1/../../../../arm-none-eabi/lib/thumb/v7e-m/fpv4-sp/hard/libc_nano.a(lib_a-strtol.o)
                0x0000000020006be8                strtol
 .text._setlocale_r
                0x0000000020006c14       0x38 /Users/cylic/Documents/edu/chalmers/study.period.2/223/labs/gcc-arm-none-eabi-6-2017-q1-update/bin/../lib/gcc/arm-none-eabi/6.3.1/../../../../arm-none-eabi/lib/thumb/v7e-m/fpv4-sp/hard/libc_nano.a(lib_a-locale.o)
                0x0000000020006c14                _setlocale_r
 .text.__locale_mb_cur_max
                0x0000000020006c4c       0x1c /Users/cylic/Documents/edu/chalmers/study.period.2/223/labs/gcc-arm-none-eabi-6-2017-q1-update/bin/../lib/gcc/arm-none-eabi/6.3.1/../../../../arm-none-eabi/lib/thumb/v7e-m/fpv4-sp/hard/libc_nano.a(lib_a-locale.o)
                0x0000000020006c4c                __locale_mb_cur_max
 .text.__locale_ctype_ptr_l
                0x0000000020006c68        0x6 /Users/cylic/Documents/edu/chalmers/study.period.2/223/labs/gcc-arm-none-eabi-6-2017-q1-update/bin/../lib/gcc/arm-none-eabi/6.3.1/../../../../arm-none-eabi/lib/thumb/v7e-m/fpv4-sp/hard/libc_nano.a(lib_a-locale.o)
                0x0000000020006c68                __locale_ctype_ptr_l
 *fill*         0x0000000020006c6e        0x2 
 .text.__locale_ctype_ptr
                0x0000000020006c70       0x1c /Users/cylic/Documents/edu/chalmers/study.period.2/223/labs/gcc-arm-none-eabi-6-2017-q1-update/bin/../lib/gcc/arm-none-eabi/6.3.1/../../../../arm-none-eabi/lib/thumb/v7e-m/fpv4-sp/hard/libc_nano.a(lib_a-locale.o)
                0x0000000020006c70                __locale_ctype_ptr
 .text.setlocale
                0x0000000020006c8c       0x10 /Users/cylic/Documents/edu/chalmers/study.period.2/223/labs/gcc-arm-none-eabi-6-2017-q1-update/bin/../lib/gcc/arm-none-eabi/6.3.1/../../../../arm-none-eabi/lib/thumb/v7e-m/fpv4-sp/hard/libc_nano.a(lib_a-locale.o)
                0x0000000020006c8c                setlocale
 .text._mbtowc_r
                0x0000000020006c9c       0x24 /Users/cylic/Documents/edu/chalmers/study.period.2/223/labs/gcc-arm-none-eabi-6-2017-q1-update/bin/../lib/gcc/arm-none-eabi/6.3.1/../../../../arm-none-eabi/lib/thumb/v7e-m/fpv4-sp/hard/libc_nano.a(lib_a-mbtowc_r.o)
                0x0000000020006c9c                _mbtowc_r
 .text.__ascii_mbtowc
                0x0000000020006cc0       0x24 /Users/cylic/Documents/edu/chalmers/study.period.2/223/labs/gcc-arm-none-eabi-6-2017-q1-update/bin/../lib/gcc/arm-none-eabi/6.3.1/../../../../arm-none-eabi/lib/thumb/v7e-m/fpv4-sp/hard/libc_nano.a(lib_a-mbtowc_r.o)
                0x0000000020006cc0                __ascii_mbtowc
 .text.__ssputs_r
                0x0000000020006ce4       0xb6 /Users/cylic/Documents/edu/chalmers/study.period.2/223/labs/gcc-arm-none-eabi-6-2017-q1-update/bin/../lib/gcc/arm-none-eabi/6.3.1/../../../../arm-none-eabi/lib/thumb/v7e-m/fpv4-sp/hard/libc_nano.a(lib_a-nano-svfprintf.o)
                0x0000000020006ce4                __ssputs_r
 .text.__ssprint_r
                0x0000000020006d9a       0xf4 /Users/cylic/Documents/edu/chalmers/study.period.2/223/labs/gcc-arm-none-eabi-6-2017-q1-update/bin/../lib/gcc/arm-none-eabi/6.3.1/../../../../arm-none-eabi/lib/thumb/v7e-m/fpv4-sp/hard/libc_nano.a(lib_a-nano-svfprintf.o)
                0x0000000020006d9a                __ssprint_r
 *fill*         0x0000000020006e8e        0x2 
 .text._svfprintf_r
                0x0000000020006e90      0x1e8 /Users/cylic/Documents/edu/chalmers/study.period.2/223/labs/gcc-arm-none-eabi-6-2017-q1-update/bin/../lib/gcc/arm-none-eabi/6.3.1/../../../../arm-none-eabi/lib/thumb/v7e-m/fpv4-sp/hard/libc_nano.a(lib_a-nano-svfprintf.o)
                0x0000000020006e90                _svfprintf_r
                0x0000000020006e90                _svfiprintf_r
 .text._printf_common
                0x0000000020007078       0xec /Users/cylic/Documents/edu/chalmers/study.period.2/223/labs/gcc-arm-none-eabi-6-2017-q1-update/bin/../lib/gcc/arm-none-eabi/6.3.1/../../../../arm-none-eabi/lib/thumb/v7e-m/fpv4-sp/hard/libc_nano.a(lib_a-nano-vfprintf_i.o)
                0x0000000020007078                _printf_common
 .text._printf_i
                0x0000000020007164      0x240 /Users/cylic/Documents/edu/chalmers/study.period.2/223/labs/gcc-arm-none-eabi-6-2017-q1-update/bin/../lib/gcc/arm-none-eabi/6.3.1/../../../../arm-none-eabi/lib/thumb/v7e-m/fpv4-sp/hard/libc_nano.a(lib_a-nano-vfprintf_i.o)
                0x0000000020007164                _printf_i
 .text._wctomb_r
                0x00000000200073a4       0x24 /Users/cylic/Documents/edu/chalmers/study.period.2/223/labs/gcc-arm-none-eabi-6-2017-q1-update/bin/../lib/gcc/arm-none-eabi/6.3.1/../../../../arm-none-eabi/lib/thumb/v7e-m/fpv4-sp/hard/libc_nano.a(lib_a-wctomb_r.o)
                0x00000000200073a4                _wctomb_r
 .text.__ascii_wctomb
                0x00000000200073c8       0x1a /Users/cylic/Documents/edu/chalmers/study.period.2/223/labs/gcc-arm-none-eabi-6-2017-q1-update/bin/../lib/gcc/arm-none-eabi/6.3.1/../../../../arm-none-eabi/lib/thumb/v7e-m/fpv4-sp/hard/libc_nano.a(lib_a-wctomb_r.o)
                0x00000000200073c8                __ascii_wctomb
 .text.memcpy   0x00000000200073e2       0x16 /Users/cylic/Documents/edu/chalmers/study.period.2/223/labs/gcc-arm-none-eabi-6-2017-q1-update/bin/../lib/gcc/arm-none-eabi/6.3.1/../../../../arm-none-eabi/lib/thumb/v7e-m/fpv4-sp/hard/libc_nano.a(lib_a-memcpy-stub.o)
                0x00000000200073e2                memcpy
 .text.memmove  0x00000000200073f8       0x34 /Users/cylic/Documents/edu/chalmers/study.period.2/223/labs/gcc-arm-none-eabi-6-2017-q1-update/bin/../lib/gcc/arm-none-eabi/6.3.1/../../../../arm-none-eabi/lib/thumb/v7e-m/fpv4-sp/hard/libc_nano.a(lib_a-memmove.o)
                0x00000000200073f8                memmove
 .text._free_r  0x000000002000742c       0x9c /Users/cylic/Documents/edu/chalmers/study.period.2/223/labs/gcc-arm-none-eabi-6-2017-q1-update/bin/../lib/gcc/arm-none-eabi/6.3.1/../../../../arm-none-eabi/lib/thumb/v7e-m/fpv4-sp/hard/libc_nano.a(lib_a-nano-freer.o)
                0x000000002000742c                _free_r
 .text._malloc_r
                0x00000000200074c8       0xbc /Users/cylic/Documents/edu/chalmers/study.period.2/223/labs/gcc-arm-none-eabi-6-2017-q1-update/bin/../lib/gcc/arm-none-eabi/6.3.1/../../../../arm-none-eabi/lib/thumb/v7e-m/fpv4-sp/hard/libc_nano.a(lib_a-nano-mallocr.o)
                0x00000000200074c8                _malloc_r
 .text._realloc_r
                0x0000000020007584       0x4c /Users/cylic/Documents/edu/chalmers/study.period.2/223/labs/gcc-arm-none-eabi-6-2017-q1-update/bin/../lib/gcc/arm-none-eabi/6.3.1/../../../../arm-none-eabi/lib/thumb/v7e-m/fpv4-sp/hard/libc_nano.a(lib_a-nano-reallocr.o)
                0x0000000020007584                _realloc_r
 .text._sbrk_r  0x00000000200075d0       0x20 /Users/cylic/Documents/edu/chalmers/study.period.2/223/labs/gcc-arm-none-eabi-6-2017-q1-update/bin/../lib/gcc/arm-none-eabi/6.3.1/../../../../arm-none-eabi/lib/thumb/v7e-m/fpv4-sp/hard/libc_nano.a(lib_a-sbrkr.o)
                0x00000000200075d0                _sbrk_r
 .text.__malloc_lock
                0x00000000200075f0        0x2 /Users/cylic/Documents/edu/chalmers/study.period.2/223/labs/gcc-arm-none-eabi-6-2017-q1-update/bin/../lib/gcc/arm-none-eabi/6.3.1/../../../../arm-none-eabi/lib/thumb/v7e-m/fpv4-sp/hard/libc_nano.a(lib_a-mlock.o)
                0x00000000200075f0                __malloc_lock
 .text.__malloc_unlock
                0x00000000200075f2        0x2 /Users/cylic/Documents/edu/chalmers/study.period.2/223/labs/gcc-arm-none-eabi-6-2017-q1-update/bin/../lib/gcc/arm-none-eabi/6.3.1/../../../../arm-none-eabi/lib/thumb/v7e-m/fpv4-sp/hard/libc_nano.a(lib_a-mlock.o)
                0x00000000200075f2                __malloc_unlock
 .text._malloc_usable_size_r
                0x00000000200075f4       0x12 /Users/cylic/Documents/edu/chalmers/study.period.2/223/labs/gcc-arm-none-eabi-6-2017-q1-update/bin/../lib/gcc/arm-none-eabi/6.3.1/../../../../arm-none-eabi/lib/thumb/v7e-m/fpv4-sp/hard/libc_nano.a(lib_a-nano-msizer.o)
                0x00000000200075f4                _malloc_usable_size_r
 .text.cleanup_glue
                0x0000000020007606       0x1a /Users/cylic/Documents/edu/chalmers/study.period.2/223/labs/gcc-arm-none-eabi-6-2017-q1-update/bin/../lib/gcc/arm-none-eabi/6.3.1/../../../../arm-none-eabi/lib/thumb/v7e-m/fpv4-sp/hard/libc_nano.a(lib_a-reent.o)
                0x0000000020007606                cleanup_glue
 .text._reclaim_reent
                0x0000000020007620       0xb8 /Users/cylic/Documents/edu/chalmers/study.period.2/223/labs/gcc-arm-none-eabi-6-2017-q1-update/bin/../lib/gcc/arm-none-eabi/6.3.1/../../../../arm-none-eabi/lib/thumb/v7e-m/fpv4-sp/hard/libc_nano.a(lib_a-reent.o)
                0x0000000020007620                _reclaim_reent
 *(.rodata)
 .rodata        0x00000000200076d8       0x81 ./Debug/application.c.o
 *fill*         0x0000000020007759        0x3 
 .rodata        0x000000002000775c       0x2e ./Debug/startup.c.o
 *fill*         0x000000002000778a        0x2 
 .rodata        0x000000002000778c       0x9d ./Debug/TinyTimber.c.o
 *fill*         0x0000000020007829        0x3 
 .rodata        0x000000002000782c       0x5a ./Debug/canTinyTimber.c.o
 *(.rodata*)
 *fill*         0x0000000020007886        0x2 
 .rodata._global_impure_ptr
                0x0000000020007888        0x4 /Users/cylic/Documents/edu/chalmers/study.period.2/223/labs/gcc-arm-none-eabi-6-2017-q1-update/bin/../lib/gcc/arm-none-eabi/6.3.1/../../../../arm-none-eabi/lib/thumb/v7e-m/fpv4-sp/hard/libc_nano.a(lib_a-impure.o)
                0x0000000020007888                _global_impure_ptr
 .rodata._setlocale_r.str1.1
                0x000000002000788c        0x8 /Users/cylic/Documents/edu/chalmers/study.period.2/223/labs/gcc-arm-none-eabi-6-2017-q1-update/bin/../lib/gcc/arm-none-eabi/6.3.1/../../../../arm-none-eabi/lib/thumb/v7e-m/fpv4-sp/hard/libc_nano.a(lib_a-locale.o)
                                          0x9 (size before relaxing)
 .rodata.str1.1
                0x0000000020007894        0x2 /Users/cylic/Documents/edu/chalmers/study.period.2/223/labs/gcc-arm-none-eabi-6-2017-q1-update/bin/../lib/gcc/arm-none-eabi/6.3.1/../../../../arm-none-eabi/lib/thumb/v7e-m/fpv4-sp/hard/libc_nano.a(lib_a-locale.o)
 .rodata._svfprintf_r.str1.1
                0x0000000020007896       0x11 /Users/cylic/Documents/edu/chalmers/study.period.2/223/labs/gcc-arm-none-eabi-6-2017-q1-update/bin/../lib/gcc/arm-none-eabi/6.3.1/../../../../arm-none-eabi/lib/thumb/v7e-m/fpv4-sp/hard/libc_nano.a(lib_a-nano-svfprintf.o)
 .rodata._printf_i.str1.1
                0x00000000200078a7       0x22 /Users/cylic/Documents/edu/chalmers/study.period.2/223/labs/gcc-arm-none-eabi-6-2017-q1-update/bin/../lib/gcc/arm-none-eabi/6.3.1/../../../../arm-none-eabi/lib/thumb/v7e-m/fpv4-sp/hard/libc_nano.a(lib_a-nano-vfprintf_i.o)
 .rodata._ctype_
                0x00000000200078c9      0x101 /Users/cylic/Documents/edu/chalmers/study.period.2/223/labs/gcc-arm-none-eabi-6-2017-q1-update/bin/../lib/gcc/arm-none-eabi/6.3.1/../../../../arm-none-eabi/lib/thumb/v7e-m/fpv4-sp/hard/libc_nano.a(lib_a-ctype_.o)
                0x00000000200078c9                _ctype_
 *(.glue_7)
 .glue_7        0x00000000200079ca        0x0 linker stubs
 *(.glue_7t)
 .glue_7t       0x00000000200079ca        0x0 linker stubs
                0x00000000200079cc                . = ALIGN (0x4)
 *fill*         0x00000000200079ca        0x2 

.vfp11_veneer   0x00000000200079cc        0x0
 .vfp11_veneer  0x00000000200079cc        0x0 linker stubs

.v4_bx          0x00000000200079cc        0x0
 .v4_bx         0x00000000200079cc        0x0 linker stubs

.iplt           0x00000000200079cc        0x0
 .iplt          0x00000000200079cc        0x0 ./Debug/application.c.o

.rel.dyn        0x00000000200079cc        0x0
 .rel.iplt      0x00000000200079cc        0x0 ./Debug/application.c.o

.data           0x00000000200079cc      0x85c
                0x00000000200079cc                . = ALIGN (0x4)
 *(.data)
 .data          0x00000000200079cc      0x5d4 ./Debug/application.c.o
                0x00000000200079cc                indexes
                0x0000000020007a4c                periods_micro
                0x0000000020007acc                player
                0x0000000020007ae4                distortion
                0x0000000020007af4                app
                0x0000000020007b08                sci0
                0x0000000020007f28                can0
 .data          0x0000000020007fa0        0x0 ./Debug/sciTinyTimber.c.o
 .data          0x0000000020007fa0        0x0 ./Debug/startup.c.o
 .data          0x0000000020007fa0       0x24 ./Debug/TinyTimber.c.o
                0x0000000020007fa0                hex
                0x0000000020007fb4                msgPool
                0x0000000020007fb8                threadPool
                0x0000000020007fbc                activeStack
                0x0000000020007fc0                current
 .data          0x0000000020007fc4       0x84 ./Debug/dispatch.s.o
 .data          0x0000000020008048        0x0 ./Debug/canTinyTimber.c.o
 .data          0x0000000020008048        0x0 ./Debug/driver_src_stm32f4xx_dac.c.o
 .data          0x0000000020008048        0x0 ./Debug/driver_src_stm32f4xx_gpio.c.o
 .data          0x0000000020008048       0x10 ./Debug/driver_src_stm32f4xx_rcc.c.o
 .data          0x0000000020008058        0x0 ./Debug/driver_src_stm32f4xx_tim.c.o
 .data          0x0000000020008058        0x0 ./Debug/driver_src_stm32f4xx_usart.c.o
 .data          0x0000000020008058        0x0 ./Debug/driver_src_stm32f4xx_can.c.o
 .data          0x0000000020008058        0x0 /Users/cylic/Documents/edu/chalmers/study.period.2/223/labs/gcc-arm-none-eabi-6-2017-q1-update/bin/../lib/gcc/arm-none-eabi/6.3.1/../../../../arm-none-eabi/lib/thumb/v7e-m/fpv4-sp/hard/libc_nano.a(lib_a-atoi.o)
 .data          0x0000000020008058        0x0 /Users/cylic/Documents/edu/chalmers/study.period.2/223/labs/gcc-arm-none-eabi-6-2017-q1-update/bin/../lib/gcc/arm-none-eabi/6.3.1/../../../../arm-none-eabi/lib/thumb/v7e-m/fpv4-sp/hard/libc_nano.a(lib_a-sprintf.o)
 .data          0x0000000020008058        0x0 /Users/cylic/Documents/edu/chalmers/study.period.2/223/labs/gcc-arm-none-eabi-6-2017-q1-update/bin/../lib/gcc/arm-none-eabi/6.3.1/../../../../arm-none-eabi/lib/thumb/v7e-m/fpv4-sp/hard/libc_nano.a(lib_a-strtol.o)
 .data          0x0000000020008058        0x0 /Users/cylic/Documents/edu/chalmers/study.period.2/223/labs/gcc-arm-none-eabi-6-2017-q1-update/bin/../lib/gcc/arm-none-eabi/6.3.1/../../../../arm-none-eabi/lib/thumb/v7e-m/fpv4-sp/hard/libc_nano.a(lib_a-impure.o)
 .data          0x0000000020008058        0x0 /Users/cylic/Documents/edu/chalmers/study.period.2/223/labs/gcc-arm-none-eabi-6-2017-q1-update/bin/../lib/gcc/arm-none-eabi/6.3.1/../../../../arm-none-eabi/lib/thumb/v7e-m/fpv4-sp/hard/libc_nano.a(lib_a-locale.o)
 .data          0x0000000020008058        0x0 /Users/cylic/Documents/edu/chalmers/study.period.2/223/labs/gcc-arm-none-eabi-6-2017-q1-update/bin/../lib/gcc/arm-none-eabi/6.3.1/../../../../arm-none-eabi/lib/thumb/v7e-m/fpv4-sp/hard/libc_nano.a(lib_a-mbtowc_r.o)
 .data          0x0000000020008058        0x0 /Users/cylic/Documents/edu/chalmers/study.period.2/223/labs/gcc-arm-none-eabi-6-2017-q1-update/bin/../lib/gcc/arm-none-eabi/6.3.1/../../../../arm-none-eabi/lib/thumb/v7e-m/fpv4-sp/hard/libc_nano.a(lib_a-nano-svfprintf.o)
 .data          0x0000000020008058        0x0 /Users/cylic/Documents/edu/chalmers/study.period.2/223/labs/gcc-arm-none-eabi-6-2017-q1-update/bin/../lib/gcc/arm-none-eabi/6.3.1/../../../../arm-none-eabi/lib/thumb/v7e-m/fpv4-sp/hard/libc_nano.a(lib_a-nano-vfprintf_i.o)
 .data          0x0000000020008058        0x0 /Users/cylic/Documents/edu/chalmers/study.period.2/223/labs/gcc-arm-none-eabi-6-2017-q1-update/bin/../lib/gcc/arm-none-eabi/6.3.1/../../../../arm-none-eabi/lib/thumb/v7e-m/fpv4-sp/hard/libc_nano.a(lib_a-strcmp.o)
 .data          0x0000000020008058        0x0 /Users/cylic/Documents/edu/chalmers/study.period.2/223/labs/gcc-arm-none-eabi-6-2017-q1-update/bin/../lib/gcc/arm-none-eabi/6.3.1/../../../../arm-none-eabi/lib/thumb/v7e-m/fpv4-sp/hard/libc_nano.a(lib_a-wctomb_r.o)
 .data          0x0000000020008058        0x0 /Users/cylic/Documents/edu/chalmers/study.period.2/223/labs/gcc-arm-none-eabi-6-2017-q1-update/bin/../lib/gcc/arm-none-eabi/6.3.1/../../../../arm-none-eabi/lib/thumb/v7e-m/fpv4-sp/hard/libc_nano.a(lib_a-ctype_.o)
 .data          0x0000000020008058        0x0 /Users/cylic/Documents/edu/chalmers/study.period.2/223/labs/gcc-arm-none-eabi-6-2017-q1-update/bin/../lib/gcc/arm-none-eabi/6.3.1/../../../../arm-none-eabi/lib/thumb/v7e-m/fpv4-sp/hard/libc_nano.a(lib_a-memchr.o)
 .data          0x0000000020008058        0x0 /Users/cylic/Documents/edu/chalmers/study.period.2/223/labs/gcc-arm-none-eabi-6-2017-q1-update/bin/../lib/gcc/arm-none-eabi/6.3.1/../../../../arm-none-eabi/lib/thumb/v7e-m/fpv4-sp/hard/libc_nano.a(lib_a-memcpy-stub.o)
 .data          0x0000000020008058        0x0 /Users/cylic/Documents/edu/chalmers/study.period.2/223/labs/gcc-arm-none-eabi-6-2017-q1-update/bin/../lib/gcc/arm-none-eabi/6.3.1/../../../../arm-none-eabi/lib/thumb/v7e-m/fpv4-sp/hard/libc_nano.a(lib_a-memmove.o)
 .data          0x0000000020008058        0x0 /Users/cylic/Documents/edu/chalmers/study.period.2/223/labs/gcc-arm-none-eabi-6-2017-q1-update/bin/../lib/gcc/arm-none-eabi/6.3.1/../../../../arm-none-eabi/lib/thumb/v7e-m/fpv4-sp/hard/libc_nano.a(lib_a-nano-freer.o)
 .data          0x0000000020008058        0x0 /Users/cylic/Documents/edu/chalmers/study.period.2/223/labs/gcc-arm-none-eabi-6-2017-q1-update/bin/../lib/gcc/arm-none-eabi/6.3.1/../../../../arm-none-eabi/lib/thumb/v7e-m/fpv4-sp/hard/libc_nano.a(lib_a-nano-mallocr.o)
 .data          0x0000000020008058        0x0 /Users/cylic/Documents/edu/chalmers/study.period.2/223/labs/gcc-arm-none-eabi-6-2017-q1-update/bin/../lib/gcc/arm-none-eabi/6.3.1/../../../../arm-none-eabi/lib/thumb/v7e-m/fpv4-sp/hard/libc_nano.a(lib_a-nano-reallocr.o)
 .data          0x0000000020008058        0x0 /Users/cylic/Documents/edu/chalmers/study.period.2/223/labs/gcc-arm-none-eabi-6-2017-q1-update/bin/../lib/gcc/arm-none-eabi/6.3.1/../../../../arm-none-eabi/lib/thumb/v7e-m/fpv4-sp/hard/libc_nano.a(lib_a-sbrkr.o)
 .data          0x0000000020008058        0x0 /Users/cylic/Documents/edu/chalmers/study.period.2/223/labs/gcc-arm-none-eabi-6-2017-q1-update/bin/../lib/gcc/arm-none-eabi/6.3.1/../../../../arm-none-eabi/lib/thumb/v7e-m/fpv4-sp/hard/libc_nano.a(lib_a-mlock.o)
 .data          0x0000000020008058        0x0 /Users/cylic/Documents/edu/chalmers/study.period.2/223/labs/gcc-arm-none-eabi-6-2017-q1-update/bin/../lib/gcc/arm-none-eabi/6.3.1/../../../../arm-none-eabi/lib/thumb/v7e-m/fpv4-sp/hard/libc_nano.a(lib_a-nano-msizer.o)
 .data          0x0000000020008058        0x0 /Users/cylic/Documents/edu/chalmers/study.period.2/223/labs/gcc-arm-none-eabi-6-2017-q1-update/bin/../lib/gcc/arm-none-eabi/6.3.1/../../../../arm-none-eabi/lib/thumb/v7e-m/fpv4-sp/hard/libc_nano.a(lib_a-reent.o)
 *(.data.*)
 .data._impure_ptr
                0x0000000020008058        0x4 /Users/cylic/Documents/edu/chalmers/study.period.2/223/labs/gcc-arm-none-eabi-6-2017-q1-update/bin/../lib/gcc/arm-none-eabi/6.3.1/../../../../arm-none-eabi/lib/thumb/v7e-m/fpv4-sp/hard/libc_nano.a(lib_a-impure.o)
                0x0000000020008058                _impure_ptr
 .data.impure_data
                0x000000002000805c       0x60 /Users/cylic/Documents/edu/chalmers/study.period.2/223/labs/gcc-arm-none-eabi-6-2017-q1-update/bin/../lib/gcc/arm-none-eabi/6.3.1/../../../../arm-none-eabi/lib/thumb/v7e-m/fpv4-sp/hard/libc_nano.a(lib_a-impure.o)
 .data.__global_locale
                0x00000000200080bc      0x16c /Users/cylic/Documents/edu/chalmers/study.period.2/223/labs/gcc-arm-none-eabi-6-2017-q1-update/bin/../lib/gcc/arm-none-eabi/6.3.1/../../../../arm-none-eabi/lib/thumb/v7e-m/fpv4-sp/hard/libc_nano.a(lib_a-locale.o)
                0x00000000200080bc                __global_locale
                0x0000000020008228                . = ALIGN (0x4)

.igot.plt       0x0000000020008228        0x0
 .igot.plt      0x0000000020008228        0x0 ./Debug/application.c.o

.bss            0x0000000020008228     0x837c
                0x0000000020008228                . = ALIGN (0x4)
                0x0000000020008228                _sbss = .
 *(.bss)
 .bss           0x0000000020008228        0x0 ./Debug/application.c.o
 .bss           0x0000000020008228        0x0 ./Debug/sciTinyTimber.c.o
 .bss           0x0000000020008228        0x0 ./Debug/startup.c.o
 .bss           0x0000000020008228       0x18 ./Debug/TinyTimber.c.o
                0x0000000020008228                doIRQSchedule
                0x000000002000822c                msgQ
                0x0000000020008230                timerQ
                0x0000000020008234                runAsHardware
                0x0000000020008238                timestamp
                0x000000002000823c                overflows
 .bss           0x0000000020008240        0x0 ./Debug/dispatch.s.o
 .bss           0x0000000020008240        0x0 ./Debug/canTinyTimber.c.o
 .bss           0x0000000020008240        0x0 ./Debug/driver_src_stm32f4xx_dac.c.o
 .bss           0x0000000020008240        0x0 ./Debug/driver_src_stm32f4xx_gpio.c.o
 .bss           0x0000000020008240        0x0 ./Debug/driver_src_stm32f4xx_rcc.c.o
 .bss           0x0000000020008240        0x0 ./Debug/driver_src_stm32f4xx_tim.c.o
 .bss           0x0000000020008240        0x0 ./Debug/driver_src_stm32f4xx_usart.c.o
 .bss           0x0000000020008240        0x0 ./Debug/driver_src_stm32f4xx_can.c.o
 .bss           0x0000000020008240        0x0 /Users/cylic/Documents/edu/chalmers/study.period.2/223/labs/gcc-arm-none-eabi-6-2017-q1-update/bin/../lib/gcc/arm-none-eabi/6.3.1/../../../../arm-none-eabi/lib/thumb/v7e-m/fpv4-sp/hard/libc_nano.a(lib_a-atoi.o)
 .bss           0x0000000020008240        0x0 /Users/cylic/Documents/edu/chalmers/study.period.2/223/labs/gcc-arm-none-eabi-6-2017-q1-update/bin/../lib/gcc/arm-none-eabi/6.3.1/../../../../arm-none-eabi/lib/thumb/v7e-m/fpv4-sp/hard/libc_nano.a(lib_a-sprintf.o)
 .bss           0x0000000020008240        0x0 /Users/cylic/Documents/edu/chalmers/study.period.2/223/labs/gcc-arm-none-eabi-6-2017-q1-update/bin/../lib/gcc/arm-none-eabi/6.3.1/../../../../arm-none-eabi/lib/thumb/v7e-m/fpv4-sp/hard/libc_nano.a(lib_a-strtol.o)
 .bss           0x0000000020008240        0x0 /Users/cylic/Documents/edu/chalmers/study.period.2/223/labs/gcc-arm-none-eabi-6-2017-q1-update/bin/../lib/gcc/arm-none-eabi/6.3.1/../../../../arm-none-eabi/lib/thumb/v7e-m/fpv4-sp/hard/libc_nano.a(lib_a-impure.o)
 .bss           0x0000000020008240        0x0 /Users/cylic/Documents/edu/chalmers/study.period.2/223/labs/gcc-arm-none-eabi-6-2017-q1-update/bin/../lib/gcc/arm-none-eabi/6.3.1/../../../../arm-none-eabi/lib/thumb/v7e-m/fpv4-sp/hard/libc_nano.a(lib_a-locale.o)
 .bss           0x0000000020008240        0x0 /Users/cylic/Documents/edu/chalmers/study.period.2/223/labs/gcc-arm-none-eabi-6-2017-q1-update/bin/../lib/gcc/arm-none-eabi/6.3.1/../../../../arm-none-eabi/lib/thumb/v7e-m/fpv4-sp/hard/libc_nano.a(lib_a-mbtowc_r.o)
 .bss           0x0000000020008240        0x0 /Users/cylic/Documents/edu/chalmers/study.period.2/223/labs/gcc-arm-none-eabi-6-2017-q1-update/bin/../lib/gcc/arm-none-eabi/6.3.1/../../../../arm-none-eabi/lib/thumb/v7e-m/fpv4-sp/hard/libc_nano.a(lib_a-nano-svfprintf.o)
 .bss           0x0000000020008240        0x0 /Users/cylic/Documents/edu/chalmers/study.period.2/223/labs/gcc-arm-none-eabi-6-2017-q1-update/bin/../lib/gcc/arm-none-eabi/6.3.1/../../../../arm-none-eabi/lib/thumb/v7e-m/fpv4-sp/hard/libc_nano.a(lib_a-nano-vfprintf_i.o)
 .bss           0x0000000020008240        0x0 /Users/cylic/Documents/edu/chalmers/study.period.2/223/labs/gcc-arm-none-eabi-6-2017-q1-update/bin/../lib/gcc/arm-none-eabi/6.3.1/../../../../arm-none-eabi/lib/thumb/v7e-m/fpv4-sp/hard/libc_nano.a(lib_a-strcmp.o)
 .bss           0x0000000020008240        0x0 /Users/cylic/Documents/edu/chalmers/study.period.2/223/labs/gcc-arm-none-eabi-6-2017-q1-update/bin/../lib/gcc/arm-none-eabi/6.3.1/../../../../arm-none-eabi/lib/thumb/v7e-m/fpv4-sp/hard/libc_nano.a(lib_a-wctomb_r.o)
 .bss           0x0000000020008240        0x0 /Users/cylic/Documents/edu/chalmers/study.period.2/223/labs/gcc-arm-none-eabi-6-2017-q1-update/bin/../lib/gcc/arm-none-eabi/6.3.1/../../../../arm-none-eabi/lib/thumb/v7e-m/fpv4-sp/hard/libc_nano.a(lib_a-ctype_.o)
 .bss           0x0000000020008240        0x0 /Users/cylic/Documents/edu/chalmers/study.period.2/223/labs/gcc-arm-none-eabi-6-2017-q1-update/bin/../lib/gcc/arm-none-eabi/6.3.1/../../../../arm-none-eabi/lib/thumb/v7e-m/fpv4-sp/hard/libc_nano.a(lib_a-memchr.o)
 .bss           0x0000000020008240        0x0 /Users/cylic/Documents/edu/chalmers/study.period.2/223/labs/gcc-arm-none-eabi-6-2017-q1-update/bin/../lib/gcc/arm-none-eabi/6.3.1/../../../../arm-none-eabi/lib/thumb/v7e-m/fpv4-sp/hard/libc_nano.a(lib_a-memcpy-stub.o)
 .bss           0x0000000020008240        0x0 /Users/cylic/Documents/edu/chalmers/study.period.2/223/labs/gcc-arm-none-eabi-6-2017-q1-update/bin/../lib/gcc/arm-none-eabi/6.3.1/../../../../arm-none-eabi/lib/thumb/v7e-m/fpv4-sp/hard/libc_nano.a(lib_a-memmove.o)
 .bss           0x0000000020008240        0x0 /Users/cylic/Documents/edu/chalmers/study.period.2/223/labs/gcc-arm-none-eabi-6-2017-q1-update/bin/../lib/gcc/arm-none-eabi/6.3.1/../../../../arm-none-eabi/lib/thumb/v7e-m/fpv4-sp/hard/libc_nano.a(lib_a-nano-freer.o)
 .bss           0x0000000020008240        0x0 /Users/cylic/Documents/edu/chalmers/study.period.2/223/labs/gcc-arm-none-eabi-6-2017-q1-update/bin/../lib/gcc/arm-none-eabi/6.3.1/../../../../arm-none-eabi/lib/thumb/v7e-m/fpv4-sp/hard/libc_nano.a(lib_a-nano-mallocr.o)
 .bss           0x0000000020008240        0x0 /Users/cylic/Documents/edu/chalmers/study.period.2/223/labs/gcc-arm-none-eabi-6-2017-q1-update/bin/../lib/gcc/arm-none-eabi/6.3.1/../../../../arm-none-eabi/lib/thumb/v7e-m/fpv4-sp/hard/libc_nano.a(lib_a-nano-reallocr.o)
 .bss           0x0000000020008240        0x0 /Users/cylic/Documents/edu/chalmers/study.period.2/223/labs/gcc-arm-none-eabi-6-2017-q1-update/bin/../lib/gcc/arm-none-eabi/6.3.1/../../../../arm-none-eabi/lib/thumb/v7e-m/fpv4-sp/hard/libc_nano.a(lib_a-sbrkr.o)
 .bss           0x0000000020008240        0x0 /Users/cylic/Documents/edu/chalmers/study.period.2/223/labs/gcc-arm-none-eabi-6-2017-q1-update/bin/../lib/gcc/arm-none-eabi/6.3.1/../../../../arm-none-eabi/lib/thumb/v7e-m/fpv4-sp/hard/libc_nano.a(lib_a-mlock.o)
 .bss           0x0000000020008240        0x0 /Users/cylic/Documents/edu/chalmers/study.period.2/223/labs/gcc-arm-none-eabi-6-2017-q1-update/bin/../lib/gcc/arm-none-eabi/6.3.1/../../../../arm-none-eabi/lib/thumb/v7e-m/fpv4-sp/hard/libc_nano.a(lib_a-nano-msizer.o)
 .bss           0x0000000020008240        0x0 /Users/cylic/Documents/edu/chalmers/study.period.2/223/labs/gcc-arm-none-eabi-6-2017-q1-update/bin/../lib/gcc/arm-none-eabi/6.3.1/../../../../arm-none-eabi/lib/thumb/v7e-m/fpv4-sp/hard/libc_nano.a(lib_a-reent.o)
 *(.bss.*)
 .bss._PathLocale
                0x0000000020008240        0x4 /Users/cylic/Documents/edu/chalmers/study.period.2/223/labs/gcc-arm-none-eabi-6-2017-q1-update/bin/../lib/gcc/arm-none-eabi/6.3.1/../../../../arm-none-eabi/lib/thumb/v7e-m/fpv4-sp/hard/libc_nano.a(lib_a-locale.o)
                0x0000000020008240                _PathLocale
 .bss.__malloc_free_list
                0x0000000020008244        0x4 /Users/cylic/Documents/edu/chalmers/study.period.2/223/labs/gcc-arm-none-eabi-6-2017-q1-update/bin/../lib/gcc/arm-none-eabi/6.3.1/../../../../arm-none-eabi/lib/thumb/v7e-m/fpv4-sp/hard/libc_nano.a(lib_a-nano-mallocr.o)
                0x0000000020008244                __malloc_free_list
 .bss.__malloc_sbrk_start
                0x0000000020008248        0x4 /Users/cylic/Documents/edu/chalmers/study.period.2/223/labs/gcc-arm-none-eabi-6-2017-q1-update/bin/../lib/gcc/arm-none-eabi/6.3.1/../../../../arm-none-eabi/lib/thumb/v7e-m/fpv4-sp/hard/libc_nano.a(lib_a-nano-mallocr.o)
                0x0000000020008248                __malloc_sbrk_start
 *(COMMON)
 COMMON         0x000000002000824c        0x0 ./Debug/application.c.o
 *fill*         0x000000002000824c        0x4 
 COMMON         0x0000000020008250     0x8350 ./Debug/TinyTimber.c.o
                0x0000000020008250                otable
                0x0000000020008258                upcoming
                0x000000002000825c                threads
                0x00000000200082ac                mtable
                0x00000000200082b4                thread0
                0x00000000200082c8                messages
                0x0000000020008598                __heap_end
                0x00000000200085a0                stacks
 COMMON         0x00000000200105a0        0x4 /Users/cylic/Documents/edu/chalmers/study.period.2/223/labs/gcc-arm-none-eabi-6-2017-q1-update/bin/../lib/gcc/arm-none-eabi/6.3.1/../../../../arm-none-eabi/lib/thumb/v7e-m/fpv4-sp/hard/libc_nano.a(lib_a-reent.o)
                0x00000000200105a0                errno
                0x00000000200105a4                . = ALIGN (0x4)
                0x00000000200105a4                _ebss = .
                0x00000000200105a4                PROVIDE (end, _ebss)
                [!provide]                        PROVIDE (_end, _ebss)
OUTPUT(./Debug/RTS-Lab.elf elf32-littlearm)

.debug_info     0x0000000000000000     0x9522
 .debug_info    0x0000000000000000     0x12ce ./Debug/application.c.o
 .debug_info    0x00000000000012ce      0x96d ./Debug/sciTinyTimber.c.o
 .debug_info    0x0000000000001c3b      0x9fb ./Debug/startup.c.o
 .debug_info    0x0000000000002636     0x1623 ./Debug/TinyTimber.c.o
 .debug_info    0x0000000000003c59      0xc46 ./Debug/canTinyTimber.c.o
 .debug_info    0x000000000000489f      0x650 ./Debug/driver_src_stm32f4xx_dac.c.o
 .debug_info    0x0000000000004eef      0x624 ./Debug/driver_src_stm32f4xx_gpio.c.o
 .debug_info    0x0000000000005513      0xe23 ./Debug/driver_src_stm32f4xx_rcc.c.o
 .debug_info    0x0000000000006336     0x1c70 ./Debug/driver_src_stm32f4xx_tim.c.o
 .debug_info    0x0000000000007fa6      0x9d1 ./Debug/driver_src_stm32f4xx_usart.c.o
 .debug_info    0x0000000000008977      0xbab ./Debug/driver_src_stm32f4xx_can.c.o

.debug_abbrev   0x0000000000000000     0x1822
 .debug_abbrev  0x0000000000000000      0x2b9 ./Debug/application.c.o
 .debug_abbrev  0x00000000000002b9      0x24c ./Debug/sciTinyTimber.c.o
 .debug_abbrev  0x0000000000000505      0x23b ./Debug/startup.c.o
 .debug_abbrev  0x0000000000000740      0x464 ./Debug/TinyTimber.c.o
 .debug_abbrev  0x0000000000000ba4      0x250 ./Debug/canTinyTimber.c.o
 .debug_abbrev  0x0000000000000df4      0x18f ./Debug/driver_src_stm32f4xx_dac.c.o
 .debug_abbrev  0x0000000000000f83      0x1b6 ./Debug/driver_src_stm32f4xx_gpio.c.o
 .debug_abbrev  0x0000000000001139      0x1cd ./Debug/driver_src_stm32f4xx_rcc.c.o
 .debug_abbrev  0x0000000000001306      0x198 ./Debug/driver_src_stm32f4xx_tim.c.o
 .debug_abbrev  0x000000000000149e      0x180 ./Debug/driver_src_stm32f4xx_usart.c.o
 .debug_abbrev  0x000000000000161e      0x204 ./Debug/driver_src_stm32f4xx_can.c.o

.debug_aranges  0x0000000000000000      0x168
 .debug_aranges
                0x0000000000000000       0x20 ./Debug/application.c.o
 .debug_aranges
                0x0000000000000020       0x20 ./Debug/sciTinyTimber.c.o
 .debug_aranges
                0x0000000000000040       0x28 ./Debug/startup.c.o
 .debug_aranges
                0x0000000000000068       0x20 ./Debug/TinyTimber.c.o
 .debug_aranges
                0x0000000000000088       0x20 ./Debug/canTinyTimber.c.o
 .debug_aranges
                0x00000000000000a8       0x20 ./Debug/driver_src_stm32f4xx_dac.c.o
 .debug_aranges
                0x00000000000000c8       0x20 ./Debug/driver_src_stm32f4xx_gpio.c.o
 .debug_aranges
                0x00000000000000e8       0x20 ./Debug/driver_src_stm32f4xx_rcc.c.o
 .debug_aranges
                0x0000000000000108       0x20 ./Debug/driver_src_stm32f4xx_tim.c.o
 .debug_aranges
                0x0000000000000128       0x20 ./Debug/driver_src_stm32f4xx_usart.c.o
 .debug_aranges
                0x0000000000000148       0x20 ./Debug/driver_src_stm32f4xx_can.c.o

.debug_line     0x0000000000000000     0x2e4d
 .debug_line    0x0000000000000000      0x42c ./Debug/application.c.o
 .debug_line    0x000000000000042c      0x286 ./Debug/sciTinyTimber.c.o
 .debug_line    0x00000000000006b2      0x352 ./Debug/startup.c.o
 .debug_line    0x0000000000000a04      0x677 ./Debug/TinyTimber.c.o
 .debug_line    0x000000000000107b      0x333 ./Debug/canTinyTimber.c.o
 .debug_line    0x00000000000013ae      0x32c ./Debug/driver_src_stm32f4xx_dac.c.o
 .debug_line    0x00000000000016da      0x371 ./Debug/driver_src_stm32f4xx_gpio.c.o
 .debug_line    0x0000000000001a4b      0x460 ./Debug/driver_src_stm32f4xx_rcc.c.o
 .debug_line    0x0000000000001eab      0x6c6 ./Debug/driver_src_stm32f4xx_tim.c.o
 .debug_line    0x0000000000002571      0x40b ./Debug/driver_src_stm32f4xx_usart.c.o
 .debug_line    0x000000000000297c      0x4d1 ./Debug/driver_src_stm32f4xx_can.c.o

.debug_str      0x0000000000000000     0x357a
 .debug_str     0x0000000000000000      0x872 ./Debug/application.c.o
                                        0x90c (size before relaxing)
 .debug_str     0x0000000000000872      0x65b ./Debug/sciTinyTimber.c.o
                                        0x8ad (size before relaxing)
 .debug_str     0x0000000000000ecd      0x46a ./Debug/startup.c.o
                                        0x750 (size before relaxing)
 .debug_str     0x0000000000001337      0x3d0 ./Debug/TinyTimber.c.o
                                        0xc12 (size before relaxing)
 .debug_str     0x0000000000001707       0xc6 ./Debug/canTinyTimber.c.o
                                        0x9a3 (size before relaxing)
 .debug_str     0x00000000000017cd      0x25e ./Debug/driver_src_stm32f4xx_dac.c.o
                                        0x48d (size before relaxing)
 .debug_str     0x0000000000001a2b      0x1be ./Debug/driver_src_stm32f4xx_gpio.c.o
                                        0x4dd (size before relaxing)
 .debug_str     0x0000000000001be9      0x79c ./Debug/driver_src_stm32f4xx_rcc.c.o
                                        0x9cf (size before relaxing)
 .debug_str     0x0000000000002385      0xaa1 ./Debug/driver_src_stm32f4xx_tim.c.o
                                        0xe0a (size before relaxing)
 .debug_str     0x0000000000002e26      0x43f ./Debug/driver_src_stm32f4xx_usart.c.o
                                        0x6c9 (size before relaxing)
 .debug_str     0x0000000000003265      0x315 ./Debug/driver_src_stm32f4xx_can.c.o
                                        0x778 (size before relaxing)

.comment        0x0000000000000000       0x7f
 .comment       0x0000000000000000       0x7f ./Debug/application.c.o
                                         0x80 (size before relaxing)
 .comment       0x000000000000007f       0x80 ./Debug/sciTinyTimber.c.o
 .comment       0x000000000000007f       0x80 ./Debug/startup.c.o
 .comment       0x000000000000007f       0x80 ./Debug/TinyTimber.c.o
 .comment       0x000000000000007f       0x80 ./Debug/canTinyTimber.c.o
 .comment       0x000000000000007f       0x80 ./Debug/driver_src_stm32f4xx_dac.c.o
 .comment       0x000000000000007f       0x80 ./Debug/driver_src_stm32f4xx_gpio.c.o
 .comment       0x000000000000007f       0x80 ./Debug/driver_src_stm32f4xx_rcc.c.o
 .comment       0x000000000000007f       0x80 ./Debug/driver_src_stm32f4xx_tim.c.o
 .comment       0x000000000000007f       0x80 ./Debug/driver_src_stm32f4xx_usart.c.o
 .comment       0x000000000000007f       0x80 ./Debug/driver_src_stm32f4xx_can.c.o

.ARM.attributes
                0x0000000000000000       0x37
 .ARM.attributes
                0x0000000000000000       0x39 ./Debug/application.c.o
 .ARM.attributes
                0x0000000000000039       0x39 ./Debug/sciTinyTimber.c.o
 .ARM.attributes
                0x0000000000000072       0x39 ./Debug/startup.c.o
 .ARM.attributes
                0x00000000000000ab       0x39 ./Debug/TinyTimber.c.o
 .ARM.attributes
                0x00000000000000e4       0x25 ./Debug/dispatch.s.o
 .ARM.attributes
                0x0000000000000109       0x39 ./Debug/canTinyTimber.c.o
 .ARM.attributes
                0x0000000000000142       0x39 ./Debug/driver_src_stm32f4xx_dac.c.o
 .ARM.attributes
                0x000000000000017b       0x39 ./Debug/driver_src_stm32f4xx_gpio.c.o
 .ARM.attributes
                0x00000000000001b4       0x39 ./Debug/driver_src_stm32f4xx_rcc.c.o
 .ARM.attributes
                0x00000000000001ed       0x39 ./Debug/driver_src_stm32f4xx_tim.c.o
 .ARM.attributes
                0x0000000000000226       0x39 ./Debug/driver_src_stm32f4xx_usart.c.o
 .ARM.attributes
                0x000000000000025f       0x39 ./Debug/driver_src_stm32f4xx_can.c.o
 .ARM.attributes
                0x0000000000000298       0x34 /Users/cylic/Documents/edu/chalmers/study.period.2/223/labs/gcc-arm-none-eabi-6-2017-q1-update/bin/../lib/gcc/arm-none-eabi/6.3.1/../../../../arm-none-eabi/lib/thumb/v7e-m/fpv4-sp/hard/libc_nano.a(lib_a-atoi.o)
 .ARM.attributes
                0x00000000000002cc       0x34 /Users/cylic/Documents/edu/chalmers/study.period.2/223/labs/gcc-arm-none-eabi-6-2017-q1-update/bin/../lib/gcc/arm-none-eabi/6.3.1/../../../../arm-none-eabi/lib/thumb/v7e-m/fpv4-sp/hard/libc_nano.a(lib_a-sprintf.o)
 .ARM.attributes
                0x0000000000000300       0x34 /Users/cylic/Documents/edu/chalmers/study.period.2/223/labs/gcc-arm-none-eabi-6-2017-q1-update/bin/../lib/gcc/arm-none-eabi/6.3.1/../../../../arm-none-eabi/lib/thumb/v7e-m/fpv4-sp/hard/libc_nano.a(lib_a-strtol.o)
 .ARM.attributes
                0x0000000000000334       0x34 /Users/cylic/Documents/edu/chalmers/study.period.2/223/labs/gcc-arm-none-eabi-6-2017-q1-update/bin/../lib/gcc/arm-none-eabi/6.3.1/../../../../arm-none-eabi/lib/thumb/v7e-m/fpv4-sp/hard/libc_nano.a(lib_a-impure.o)
 .ARM.attributes
                0x0000000000000368       0x34 /Users/cylic/Documents/edu/chalmers/study.period.2/223/labs/gcc-arm-none-eabi-6-2017-q1-update/bin/../lib/gcc/arm-none-eabi/6.3.1/../../../../arm-none-eabi/lib/thumb/v7e-m/fpv4-sp/hard/libc_nano.a(lib_a-locale.o)
 .ARM.attributes
                0x000000000000039c       0x34 /Users/cylic/Documents/edu/chalmers/study.period.2/223/labs/gcc-arm-none-eabi-6-2017-q1-update/bin/../lib/gcc/arm-none-eabi/6.3.1/../../../../arm-none-eabi/lib/thumb/v7e-m/fpv4-sp/hard/libc_nano.a(lib_a-mbtowc_r.o)
 .ARM.attributes
                0x00000000000003d0       0x34 /Users/cylic/Documents/edu/chalmers/study.period.2/223/labs/gcc-arm-none-eabi-6-2017-q1-update/bin/../lib/gcc/arm-none-eabi/6.3.1/../../../../arm-none-eabi/lib/thumb/v7e-m/fpv4-sp/hard/libc_nano.a(lib_a-nano-svfprintf.o)
 .ARM.attributes
                0x0000000000000404       0x34 /Users/cylic/Documents/edu/chalmers/study.period.2/223/labs/gcc-arm-none-eabi-6-2017-q1-update/bin/../lib/gcc/arm-none-eabi/6.3.1/../../../../arm-none-eabi/lib/thumb/v7e-m/fpv4-sp/hard/libc_nano.a(lib_a-nano-vfprintf_i.o)
 .ARM.attributes
                0x0000000000000438       0x20 /Users/cylic/Documents/edu/chalmers/study.period.2/223/labs/gcc-arm-none-eabi-6-2017-q1-update/bin/../lib/gcc/arm-none-eabi/6.3.1/../../../../arm-none-eabi/lib/thumb/v7e-m/fpv4-sp/hard/libc_nano.a(lib_a-strcmp.o)
 .ARM.attributes
                0x0000000000000458       0x34 /Users/cylic/Documents/edu/chalmers/study.period.2/223/labs/gcc-arm-none-eabi-6-2017-q1-update/bin/../lib/gcc/arm-none-eabi/6.3.1/../../../../arm-none-eabi/lib/thumb/v7e-m/fpv4-sp/hard/libc_nano.a(lib_a-wctomb_r.o)
 .ARM.attributes
                0x000000000000048c       0x34 /Users/cylic/Documents/edu/chalmers/study.period.2/223/labs/gcc-arm-none-eabi-6-2017-q1-update/bin/../lib/gcc/arm-none-eabi/6.3.1/../../../../arm-none-eabi/lib/thumb/v7e-m/fpv4-sp/hard/libc_nano.a(lib_a-ctype_.o)
 .ARM.attributes
                0x00000000000004c0       0x20 /Users/cylic/Documents/edu/chalmers/study.period.2/223/labs/gcc-arm-none-eabi-6-2017-q1-update/bin/../lib/gcc/arm-none-eabi/6.3.1/../../../../arm-none-eabi/lib/thumb/v7e-m/fpv4-sp/hard/libc_nano.a(lib_a-memchr.o)
 .ARM.attributes
                0x00000000000004e0       0x34 /Users/cylic/Documents/edu/chalmers/study.period.2/223/labs/gcc-arm-none-eabi-6-2017-q1-update/bin/../lib/gcc/arm-none-eabi/6.3.1/../../../../arm-none-eabi/lib/thumb/v7e-m/fpv4-sp/hard/libc_nano.a(lib_a-memcpy-stub.o)
 .ARM.attributes
                0x0000000000000514       0x34 /Users/cylic/Documents/edu/chalmers/study.period.2/223/labs/gcc-arm-none-eabi-6-2017-q1-update/bin/../lib/gcc/arm-none-eabi/6.3.1/../../../../arm-none-eabi/lib/thumb/v7e-m/fpv4-sp/hard/libc_nano.a(lib_a-memmove.o)
 .ARM.attributes
                0x0000000000000548       0x34 /Users/cylic/Documents/edu/chalmers/study.period.2/223/labs/gcc-arm-none-eabi-6-2017-q1-update/bin/../lib/gcc/arm-none-eabi/6.3.1/../../../../arm-none-eabi/lib/thumb/v7e-m/fpv4-sp/hard/libc_nano.a(lib_a-nano-freer.o)
 .ARM.attributes
                0x000000000000057c       0x34 /Users/cylic/Documents/edu/chalmers/study.period.2/223/labs/gcc-arm-none-eabi-6-2017-q1-update/bin/../lib/gcc/arm-none-eabi/6.3.1/../../../../arm-none-eabi/lib/thumb/v7e-m/fpv4-sp/hard/libc_nano.a(lib_a-nano-mallocr.o)
 .ARM.attributes
                0x00000000000005b0       0x34 /Users/cylic/Documents/edu/chalmers/study.period.2/223/labs/gcc-arm-none-eabi-6-2017-q1-update/bin/../lib/gcc/arm-none-eabi/6.3.1/../../../../arm-none-eabi/lib/thumb/v7e-m/fpv4-sp/hard/libc_nano.a(lib_a-nano-reallocr.o)
 .ARM.attributes
                0x00000000000005e4       0x34 /Users/cylic/Documents/edu/chalmers/study.period.2/223/labs/gcc-arm-none-eabi-6-2017-q1-update/bin/../lib/gcc/arm-none-eabi/6.3.1/../../../../arm-none-eabi/lib/thumb/v7e-m/fpv4-sp/hard/libc_nano.a(lib_a-sbrkr.o)
 .ARM.attributes
                0x0000000000000618       0x34 /Users/cylic/Documents/edu/chalmers/study.period.2/223/labs/gcc-arm-none-eabi-6-2017-q1-update/bin/../lib/gcc/arm-none-eabi/6.3.1/../../../../arm-none-eabi/lib/thumb/v7e-m/fpv4-sp/hard/libc_nano.a(lib_a-mlock.o)
 .ARM.attributes
                0x000000000000064c       0x34 /Users/cylic/Documents/edu/chalmers/study.period.2/223/labs/gcc-arm-none-eabi-6-2017-q1-update/bin/../lib/gcc/arm-none-eabi/6.3.1/../../../../arm-none-eabi/lib/thumb/v7e-m/fpv4-sp/hard/libc_nano.a(lib_a-nano-msizer.o)
 .ARM.attributes
                0x0000000000000680       0x34 /Users/cylic/Documents/edu/chalmers/study.period.2/223/labs/gcc-arm-none-eabi-6-2017-q1-update/bin/../lib/gcc/arm-none-eabi/6.3.1/../../../../arm-none-eabi/lib/thumb/v7e-m/fpv4-sp/hard/libc_nano.a(lib_a-reent.o)

.debug_frame    0x0000000000000000     0x32e4
 .debug_frame   0x0000000000000000      0x1a8 ./Debug/application.c.o
 .debug_frame   0x00000000000001a8      0x11c ./Debug/sciTinyTimber.c.o
 .debug_frame   0x00000000000002c4      0x128 ./Debug/startup.c.o
 .debug_frame   0x00000000000003ec      0x53c ./Debug/TinyTimber.c.o
 .debug_frame   0x0000000000000928      0x100 ./Debug/canTinyTimber.c.o
 .debug_frame   0x0000000000000a28      0x2ac ./Debug/driver_src_stm32f4xx_dac.c.o
 .debug_frame   0x0000000000000cd4      0x23c ./Debug/driver_src_stm32f4xx_gpio.c.o
 .debug_frame   0x0000000000000f10      0x814 ./Debug/driver_src_stm32f4xx_rcc.c.o
 .debug_frame   0x0000000000001724      0xe54 ./Debug/driver_src_stm32f4xx_tim.c.o
 .debug_frame   0x0000000000002578      0x490 ./Debug/driver_src_stm32f4xx_usart.c.o
 .debug_frame   0x0000000000002a08      0x3f0 ./Debug/driver_src_stm32f4xx_can.c.o
 .debug_frame   0x0000000000002df8       0x30 /Users/cylic/Documents/edu/chalmers/study.period.2/223/labs/gcc-arm-none-eabi-6-2017-q1-update/bin/../lib/gcc/arm-none-eabi/6.3.1/../../../../arm-none-eabi/lib/thumb/v7e-m/fpv4-sp/hard/libc_nano.a(lib_a-atoi.o)
 .debug_frame   0x0000000000002e28       0x70 /Users/cylic/Documents/edu/chalmers/study.period.2/223/labs/gcc-arm-none-eabi-6-2017-q1-update/bin/../lib/gcc/arm-none-eabi/6.3.1/../../../../arm-none-eabi/lib/thumb/v7e-m/fpv4-sp/hard/libc_nano.a(lib_a-sprintf.o)
 .debug_frame   0x0000000000002e98       0x88 /Users/cylic/Documents/edu/chalmers/study.period.2/223/labs/gcc-arm-none-eabi-6-2017-q1-update/bin/../lib/gcc/arm-none-eabi/6.3.1/../../../../arm-none-eabi/lib/thumb/v7e-m/fpv4-sp/hard/libc_nano.a(lib_a-strtol.o)
 .debug_frame   0x0000000000002f20       0x68 /Users/cylic/Documents/edu/chalmers/study.period.2/223/labs/gcc-arm-none-eabi-6-2017-q1-update/bin/../lib/gcc/arm-none-eabi/6.3.1/../../../../arm-none-eabi/lib/thumb/v7e-m/fpv4-sp/hard/libc_nano.a(lib_a-locale.o)
 .debug_frame   0x0000000000002f88       0x48 /Users/cylic/Documents/edu/chalmers/study.period.2/223/labs/gcc-arm-none-eabi-6-2017-q1-update/bin/../lib/gcc/arm-none-eabi/6.3.1/../../../../arm-none-eabi/lib/thumb/v7e-m/fpv4-sp/hard/libc_nano.a(lib_a-mbtowc_r.o)
 .debug_frame   0x0000000000002fd0       0x90 /Users/cylic/Documents/edu/chalmers/study.period.2/223/labs/gcc-arm-none-eabi-6-2017-q1-update/bin/../lib/gcc/arm-none-eabi/6.3.1/../../../../arm-none-eabi/lib/thumb/v7e-m/fpv4-sp/hard/libc_nano.a(lib_a-nano-svfprintf.o)
 .debug_frame   0x0000000000003060       0x60 /Users/cylic/Documents/edu/chalmers/study.period.2/223/labs/gcc-arm-none-eabi-6-2017-q1-update/bin/../lib/gcc/arm-none-eabi/6.3.1/../../../../arm-none-eabi/lib/thumb/v7e-m/fpv4-sp/hard/libc_nano.a(lib_a-nano-vfprintf_i.o)
 .debug_frame   0x00000000000030c0       0x20 /Users/cylic/Documents/edu/chalmers/study.period.2/223/labs/gcc-arm-none-eabi-6-2017-q1-update/bin/../lib/gcc/arm-none-eabi/6.3.1/../../../../arm-none-eabi/lib/thumb/v7e-m/fpv4-sp/hard/libc_nano.a(lib_a-strcmp.o)
 .debug_frame   0x00000000000030e0       0x3c /Users/cylic/Documents/edu/chalmers/study.period.2/223/labs/gcc-arm-none-eabi-6-2017-q1-update/bin/../lib/gcc/arm-none-eabi/6.3.1/../../../../arm-none-eabi/lib/thumb/v7e-m/fpv4-sp/hard/libc_nano.a(lib_a-wctomb_r.o)
 .debug_frame   0x000000000000311c       0x28 /Users/cylic/Documents/edu/chalmers/study.period.2/223/labs/gcc-arm-none-eabi-6-2017-q1-update/bin/../lib/gcc/arm-none-eabi/6.3.1/../../../../arm-none-eabi/lib/thumb/v7e-m/fpv4-sp/hard/libc_nano.a(lib_a-memcpy-stub.o)
 .debug_frame   0x0000000000003144       0x28 /Users/cylic/Documents/edu/chalmers/study.period.2/223/labs/gcc-arm-none-eabi-6-2017-q1-update/bin/../lib/gcc/arm-none-eabi/6.3.1/../../../../arm-none-eabi/lib/thumb/v7e-m/fpv4-sp/hard/libc_nano.a(lib_a-memmove.o)
 .debug_frame   0x000000000000316c       0x38 /Users/cylic/Documents/edu/chalmers/study.period.2/223/labs/gcc-arm-none-eabi-6-2017-q1-update/bin/../lib/gcc/arm-none-eabi/6.3.1/../../../../arm-none-eabi/lib/thumb/v7e-m/fpv4-sp/hard/libc_nano.a(lib_a-nano-freer.o)
 .debug_frame   0x00000000000031a4       0x2c /Users/cylic/Documents/edu/chalmers/study.period.2/223/labs/gcc-arm-none-eabi-6-2017-q1-update/bin/../lib/gcc/arm-none-eabi/6.3.1/../../../../arm-none-eabi/lib/thumb/v7e-m/fpv4-sp/hard/libc_nano.a(lib_a-nano-mallocr.o)
 .debug_frame   0x00000000000031d0       0x3c /Users/cylic/Documents/edu/chalmers/study.period.2/223/labs/gcc-arm-none-eabi-6-2017-q1-update/bin/../lib/gcc/arm-none-eabi/6.3.1/../../../../arm-none-eabi/lib/thumb/v7e-m/fpv4-sp/hard/libc_nano.a(lib_a-nano-reallocr.o)
 .debug_frame   0x000000000000320c       0x2c /Users/cylic/Documents/edu/chalmers/study.period.2/223/labs/gcc-arm-none-eabi-6-2017-q1-update/bin/../lib/gcc/arm-none-eabi/6.3.1/../../../../arm-none-eabi/lib/thumb/v7e-m/fpv4-sp/hard/libc_nano.a(lib_a-sbrkr.o)
 .debug_frame   0x0000000000003238       0x30 /Users/cylic/Documents/edu/chalmers/study.period.2/223/labs/gcc-arm-none-eabi-6-2017-q1-update/bin/../lib/gcc/arm-none-eabi/6.3.1/../../../../arm-none-eabi/lib/thumb/v7e-m/fpv4-sp/hard/libc_nano.a(lib_a-mlock.o)
 .debug_frame   0x0000000000003268       0x20 /Users/cylic/Documents/edu/chalmers/study.period.2/223/labs/gcc-arm-none-eabi-6-2017-q1-update/bin/../lib/gcc/arm-none-eabi/6.3.1/../../../../arm-none-eabi/lib/thumb/v7e-m/fpv4-sp/hard/libc_nano.a(lib_a-nano-msizer.o)
 .debug_frame   0x0000000000003288       0x5c /Users/cylic/Documents/edu/chalmers/study.period.2/223/labs/gcc-arm-none-eabi-6-2017-q1-update/bin/../lib/gcc/arm-none-eabi/6.3.1/../../../../arm-none-eabi/lib/thumb/v7e-m/fpv4-sp/hard/libc_nano.a(lib_a-reent.o)

.debug_ranges   0x0000000000000000       0x18
 .debug_ranges  0x0000000000000000       0x18 ./Debug/startup.c.o

Cross Reference Table

Symbol                                            File
ABORT                                             ./Debug/TinyTimber.c.o
CAN_CancelTransmit                                ./Debug/driver_src_stm32f4xx_can.c.o
CAN_ClearFlag                                     ./Debug/driver_src_stm32f4xx_can.c.o
CAN_ClearITPendingBit                             ./Debug/driver_src_stm32f4xx_can.c.o
CAN_DBGFreeze                                     ./Debug/driver_src_stm32f4xx_can.c.o
CAN_DeInit                                        ./Debug/driver_src_stm32f4xx_can.c.o
                                                  ./Debug/startup.c.o
CAN_FIFORelease                                   ./Debug/driver_src_stm32f4xx_can.c.o
CAN_FilterInit                                    ./Debug/driver_src_stm32f4xx_can.c.o
                                                  ./Debug/startup.c.o
CAN_GetFlagStatus                                 ./Debug/driver_src_stm32f4xx_can.c.o
                                                  ./Debug/canTinyTimber.c.o
CAN_GetITStatus                                   ./Debug/driver_src_stm32f4xx_can.c.o
CAN_GetLSBTransmitErrorCounter                    ./Debug/driver_src_stm32f4xx_can.c.o
CAN_GetLastErrorCode                              ./Debug/driver_src_stm32f4xx_can.c.o
CAN_GetReceiveErrorCounter                        ./Debug/driver_src_stm32f4xx_can.c.o
CAN_ITConfig                                      ./Debug/driver_src_stm32f4xx_can.c.o
                                                  ./Debug/canTinyTimber.c.o
CAN_Init                                          ./Debug/driver_src_stm32f4xx_can.c.o
                                                  ./Debug/startup.c.o
CAN_MessagePending                                ./Debug/driver_src_stm32f4xx_can.c.o
CAN_OperatingModeRequest                          ./Debug/driver_src_stm32f4xx_can.c.o
CAN_Receive                                       ./Debug/driver_src_stm32f4xx_can.c.o
                                                  ./Debug/canTinyTimber.c.o
CAN_SlaveStartBank                                ./Debug/driver_src_stm32f4xx_can.c.o
CAN_Sleep                                         ./Debug/driver_src_stm32f4xx_can.c.o
CAN_StructInit                                    ./Debug/driver_src_stm32f4xx_can.c.o
CAN_TTComModeCmd                                  ./Debug/driver_src_stm32f4xx_can.c.o
CAN_Transmit                                      ./Debug/driver_src_stm32f4xx_can.c.o
                                                  ./Debug/canTinyTimber.c.o
CAN_TransmitStatus                                ./Debug/driver_src_stm32f4xx_can.c.o
CAN_WakeUp                                        ./Debug/driver_src_stm32f4xx_can.c.o
CURRENT_OFFSET                                    ./Debug/TinyTimber.c.o
DAC_ClearFlag                                     ./Debug/driver_src_stm32f4xx_dac.c.o
DAC_ClearITPendingBit                             ./Debug/driver_src_stm32f4xx_dac.c.o
DAC_Cmd                                           ./Debug/driver_src_stm32f4xx_dac.c.o
                                                  ./Debug/startup.c.o
DAC_DMACmd                                        ./Debug/driver_src_stm32f4xx_dac.c.o
DAC_DeInit                                        ./Debug/driver_src_stm32f4xx_dac.c.o
                                                  ./Debug/startup.c.o
DAC_DualSoftwareTriggerCmd                        ./Debug/driver_src_stm32f4xx_dac.c.o
DAC_GetDataOutputValue                            ./Debug/driver_src_stm32f4xx_dac.c.o
DAC_GetFlagStatus                                 ./Debug/driver_src_stm32f4xx_dac.c.o
DAC_GetITStatus                                   ./Debug/driver_src_stm32f4xx_dac.c.o
DAC_ITConfig                                      ./Debug/driver_src_stm32f4xx_dac.c.o
DAC_Init                                          ./Debug/driver_src_stm32f4xx_dac.c.o
                                                  ./Debug/startup.c.o
DAC_SetChannel1Data                               ./Debug/driver_src_stm32f4xx_dac.c.o
DAC_SetChannel2Data                               ./Debug/driver_src_stm32f4xx_dac.c.o
                                                  ./Debug/startup.c.o
DAC_SetDualChannelData                            ./Debug/driver_src_stm32f4xx_dac.c.o
DAC_SoftwareTriggerCmd                            ./Debug/driver_src_stm32f4xx_dac.c.o
DAC_StructInit                                    ./Debug/driver_src_stm32f4xx_dac.c.o
                                                  ./Debug/startup.c.o
DAC_WaveGenerationCmd                             ./Debug/driver_src_stm32f4xx_dac.c.o
DUMP                                              ./Debug/TinyTimber.c.o
                                                  ./Debug/canTinyTimber.c.o
                                                  ./Debug/dispatch.s.o
                                                  ./Debug/startup.c.o
DUMPC                                             ./Debug/TinyTimber.c.o
DUMPD                                             ./Debug/TinyTimber.c.o
                                                  ./Debug/dispatch.s.o
DUMPH                                             ./Debug/TinyTimber.c.o
                                                  ./Debug/dispatch.s.o
GPIO_DeInit                                       ./Debug/driver_src_stm32f4xx_gpio.c.o
                                                  ./Debug/startup.c.o
GPIO_Init                                         ./Debug/driver_src_stm32f4xx_gpio.c.o
                                                  ./Debug/startup.c.o
GPIO_PinAFConfig                                  ./Debug/driver_src_stm32f4xx_gpio.c.o
                                                  ./Debug/startup.c.o
GPIO_PinLockConfig                                ./Debug/driver_src_stm32f4xx_gpio.c.o
GPIO_ReadInputData                                ./Debug/driver_src_stm32f4xx_gpio.c.o
GPIO_ReadInputDataBit                             ./Debug/driver_src_stm32f4xx_gpio.c.o
GPIO_ReadOutputData                               ./Debug/driver_src_stm32f4xx_gpio.c.o
GPIO_ReadOutputDataBit                            ./Debug/driver_src_stm32f4xx_gpio.c.o
GPIO_ResetBits                                    ./Debug/driver_src_stm32f4xx_gpio.c.o
GPIO_SetBits                                      ./Debug/driver_src_stm32f4xx_gpio.c.o
GPIO_StructInit                                   ./Debug/driver_src_stm32f4xx_gpio.c.o
                                                  ./Debug/startup.c.o
GPIO_ToggleBits                                   ./Debug/driver_src_stm32f4xx_gpio.c.o
GPIO_Write                                        ./Debug/driver_src_stm32f4xx_gpio.c.o
GPIO_WriteBit                                     ./Debug/driver_src_stm32f4xx_gpio.c.o
RCC_AHB1PeriphClockCmd                            ./Debug/driver_src_stm32f4xx_rcc.c.o
                                                  ./Debug/startup.c.o
RCC_AHB1PeriphClockLPModeCmd                      ./Debug/driver_src_stm32f4xx_rcc.c.o
RCC_AHB1PeriphResetCmd                            ./Debug/driver_src_stm32f4xx_rcc.c.o
                                                  ./Debug/driver_src_stm32f4xx_gpio.c.o
RCC_AHB2PeriphClockCmd                            ./Debug/driver_src_stm32f4xx_rcc.c.o
RCC_AHB2PeriphClockLPModeCmd                      ./Debug/driver_src_stm32f4xx_rcc.c.o
RCC_AHB2PeriphResetCmd                            ./Debug/driver_src_stm32f4xx_rcc.c.o
RCC_AHB3PeriphClockCmd                            ./Debug/driver_src_stm32f4xx_rcc.c.o
RCC_AHB3PeriphClockLPModeCmd                      ./Debug/driver_src_stm32f4xx_rcc.c.o
RCC_AHB3PeriphResetCmd                            ./Debug/driver_src_stm32f4xx_rcc.c.o
RCC_APB1PeriphClockCmd                            ./Debug/driver_src_stm32f4xx_rcc.c.o
                                                  ./Debug/startup.c.o
RCC_APB1PeriphClockLPModeCmd                      ./Debug/driver_src_stm32f4xx_rcc.c.o
                                                  ./Debug/startup.c.o
RCC_APB1PeriphResetCmd                            ./Debug/driver_src_stm32f4xx_rcc.c.o
                                                  ./Debug/driver_src_stm32f4xx_can.c.o
                                                  ./Debug/driver_src_stm32f4xx_usart.c.o
                                                  ./Debug/driver_src_stm32f4xx_tim.c.o
                                                  ./Debug/driver_src_stm32f4xx_dac.c.o
RCC_APB2PeriphClockCmd                            ./Debug/driver_src_stm32f4xx_rcc.c.o
RCC_APB2PeriphClockLPModeCmd                      ./Debug/driver_src_stm32f4xx_rcc.c.o
RCC_APB2PeriphResetCmd                            ./Debug/driver_src_stm32f4xx_rcc.c.o
                                                  ./Debug/driver_src_stm32f4xx_usart.c.o
                                                  ./Debug/driver_src_stm32f4xx_tim.c.o
RCC_AdjustHSICalibrationValue                     ./Debug/driver_src_stm32f4xx_rcc.c.o
RCC_BackupResetCmd                                ./Debug/driver_src_stm32f4xx_rcc.c.o
RCC_ClearFlag                                     ./Debug/driver_src_stm32f4xx_rcc.c.o
RCC_ClearITPendingBit                             ./Debug/driver_src_stm32f4xx_rcc.c.o
RCC_ClockSecuritySystemCmd                        ./Debug/driver_src_stm32f4xx_rcc.c.o
RCC_DeInit                                        ./Debug/driver_src_stm32f4xx_rcc.c.o
RCC_GetClocksFreq                                 ./Debug/driver_src_stm32f4xx_rcc.c.o
                                                  ./Debug/driver_src_stm32f4xx_usart.c.o
RCC_GetFlagStatus                                 ./Debug/driver_src_stm32f4xx_rcc.c.o
RCC_GetITStatus                                   ./Debug/driver_src_stm32f4xx_rcc.c.o
RCC_GetSYSCLKSource                               ./Debug/driver_src_stm32f4xx_rcc.c.o
RCC_HCLKConfig                                    ./Debug/driver_src_stm32f4xx_rcc.c.o
RCC_HSEConfig                                     ./Debug/driver_src_stm32f4xx_rcc.c.o
RCC_HSICmd                                        ./Debug/driver_src_stm32f4xx_rcc.c.o
RCC_I2SCLKConfig                                  ./Debug/driver_src_stm32f4xx_rcc.c.o
RCC_ITConfig                                      ./Debug/driver_src_stm32f4xx_rcc.c.o
RCC_LSEConfig                                     ./Debug/driver_src_stm32f4xx_rcc.c.o
RCC_LSICmd                                        ./Debug/driver_src_stm32f4xx_rcc.c.o
RCC_LTDCCLKDivConfig                              ./Debug/driver_src_stm32f4xx_rcc.c.o
RCC_MCO1Config                                    ./Debug/driver_src_stm32f4xx_rcc.c.o
RCC_MCO2Config                                    ./Debug/driver_src_stm32f4xx_rcc.c.o
RCC_PCLK1Config                                   ./Debug/driver_src_stm32f4xx_rcc.c.o
RCC_PCLK2Config                                   ./Debug/driver_src_stm32f4xx_rcc.c.o
RCC_PLLCmd                                        ./Debug/driver_src_stm32f4xx_rcc.c.o
RCC_PLLConfig                                     ./Debug/driver_src_stm32f4xx_rcc.c.o
RCC_PLLI2SCmd                                     ./Debug/driver_src_stm32f4xx_rcc.c.o
RCC_PLLI2SConfig                                  ./Debug/driver_src_stm32f4xx_rcc.c.o
RCC_PLLSAICmd                                     ./Debug/driver_src_stm32f4xx_rcc.c.o
RCC_PLLSAIConfig                                  ./Debug/driver_src_stm32f4xx_rcc.c.o
RCC_RTCCLKCmd                                     ./Debug/driver_src_stm32f4xx_rcc.c.o
RCC_RTCCLKConfig                                  ./Debug/driver_src_stm32f4xx_rcc.c.o
RCC_SAIBlockACLKConfig                            ./Debug/driver_src_stm32f4xx_rcc.c.o
RCC_SAIBlockBCLKConfig                            ./Debug/driver_src_stm32f4xx_rcc.c.o
RCC_SAIPLLI2SClkDivConfig                         ./Debug/driver_src_stm32f4xx_rcc.c.o
RCC_SAIPLLSAIClkDivConfig                         ./Debug/driver_src_stm32f4xx_rcc.c.o
RCC_SYSCLKConfig                                  ./Debug/driver_src_stm32f4xx_rcc.c.o
RCC_TIMCLKPresConfig                              ./Debug/driver_src_stm32f4xx_rcc.c.o
RCC_WaitForHSEStartUp                             ./Debug/driver_src_stm32f4xx_rcc.c.o
SETPC                                             ./Debug/TinyTimber.c.o
SETSTACK                                          ./Debug/TinyTimber.c.o
TIMER_INIT                                        ./Debug/TinyTimber.c.o
TIM_ARRPreloadConfig                              ./Debug/driver_src_stm32f4xx_tim.c.o
TIM_BDTRConfig                                    ./Debug/driver_src_stm32f4xx_tim.c.o
TIM_BDTRStructInit                                ./Debug/driver_src_stm32f4xx_tim.c.o
TIM_CCPreloadControl                              ./Debug/driver_src_stm32f4xx_tim.c.o
TIM_CCxCmd                                        ./Debug/driver_src_stm32f4xx_tim.c.o
TIM_CCxNCmd                                       ./Debug/driver_src_stm32f4xx_tim.c.o
TIM_ClearFlag                                     ./Debug/driver_src_stm32f4xx_tim.c.o
TIM_ClearITPendingBit                             ./Debug/driver_src_stm32f4xx_tim.c.o
                                                  ./Debug/TinyTimber.c.o
TIM_ClearOC1Ref                                   ./Debug/driver_src_stm32f4xx_tim.c.o
TIM_ClearOC2Ref                                   ./Debug/driver_src_stm32f4xx_tim.c.o
TIM_ClearOC3Ref                                   ./Debug/driver_src_stm32f4xx_tim.c.o
TIM_ClearOC4Ref                                   ./Debug/driver_src_stm32f4xx_tim.c.o
TIM_Cmd                                           ./Debug/driver_src_stm32f4xx_tim.c.o
                                                  ./Debug/TinyTimber.c.o
TIM_CounterModeConfig                             ./Debug/driver_src_stm32f4xx_tim.c.o
TIM_CtrlPWMOutputs                                ./Debug/driver_src_stm32f4xx_tim.c.o
TIM_DMACmd                                        ./Debug/driver_src_stm32f4xx_tim.c.o
TIM_DMAConfig                                     ./Debug/driver_src_stm32f4xx_tim.c.o
TIM_DeInit                                        ./Debug/driver_src_stm32f4xx_tim.c.o
                                                  ./Debug/TinyTimber.c.o
TIM_ETRClockMode1Config                           ./Debug/driver_src_stm32f4xx_tim.c.o
TIM_ETRClockMode2Config                           ./Debug/driver_src_stm32f4xx_tim.c.o
TIM_ETRConfig                                     ./Debug/driver_src_stm32f4xx_tim.c.o
TIM_EncoderInterfaceConfig                        ./Debug/driver_src_stm32f4xx_tim.c.o
TIM_ForcedOC1Config                               ./Debug/driver_src_stm32f4xx_tim.c.o
TIM_ForcedOC2Config                               ./Debug/driver_src_stm32f4xx_tim.c.o
TIM_ForcedOC3Config                               ./Debug/driver_src_stm32f4xx_tim.c.o
TIM_ForcedOC4Config                               ./Debug/driver_src_stm32f4xx_tim.c.o
TIM_GenerateEvent                                 ./Debug/driver_src_stm32f4xx_tim.c.o
TIM_GetCapture1                                   ./Debug/driver_src_stm32f4xx_tim.c.o
TIM_GetCapture2                                   ./Debug/driver_src_stm32f4xx_tim.c.o
TIM_GetCapture3                                   ./Debug/driver_src_stm32f4xx_tim.c.o
TIM_GetCapture4                                   ./Debug/driver_src_stm32f4xx_tim.c.o
TIM_GetCounter                                    ./Debug/driver_src_stm32f4xx_tim.c.o
                                                  ./Debug/TinyTimber.c.o
TIM_GetFlagStatus                                 ./Debug/driver_src_stm32f4xx_tim.c.o
TIM_GetITStatus                                   ./Debug/driver_src_stm32f4xx_tim.c.o
TIM_GetPrescaler                                  ./Debug/driver_src_stm32f4xx_tim.c.o
TIM_ICInit                                        ./Debug/driver_src_stm32f4xx_tim.c.o
TIM_ICStructInit                                  ./Debug/driver_src_stm32f4xx_tim.c.o
TIM_ITConfig                                      ./Debug/driver_src_stm32f4xx_tim.c.o
                                                  ./Debug/TinyTimber.c.o
TIM_ITRxExternalClockConfig                       ./Debug/driver_src_stm32f4xx_tim.c.o
TIM_InternalClockConfig                           ./Debug/driver_src_stm32f4xx_tim.c.o
TIM_OC1FastConfig                                 ./Debug/driver_src_stm32f4xx_tim.c.o
TIM_OC1Init                                       ./Debug/driver_src_stm32f4xx_tim.c.o
TIM_OC1NPolarityConfig                            ./Debug/driver_src_stm32f4xx_tim.c.o
TIM_OC1PolarityConfig                             ./Debug/driver_src_stm32f4xx_tim.c.o